datasets already exist in D:\github\sodoku UT\data; skipping generation
=== training ut_s0 ===
[ut_s0] model=ut params=203,909 device=cuda loops=8 tbptt_k=3
[ut_s0] ep   0 loss=0.9642 train_puz=0.0150 val_cell=0.7205 val_puz=0.1680 halt_acc=0.1680 loops=8.00 mem=130MB 7.3s
[ut_s0] ep   1 loss=0.2986 train_puz=0.7223 val_cell=0.9859 val_puz=0.9340 halt_acc=0.7300 loops=1.61 mem=130MB 6.1s
[ut_s0] ep   2 loss=0.0956 train_puz=0.9866 val_cell=0.9958 val_puz=0.9815 halt_acc=0.8050 loops=1.48 mem=130MB 6.4s
[ut_s0] ep   3 loss=0.0769 train_puz=0.9918 val_cell=0.9987 val_puz=0.9940 halt_acc=0.7820 loops=1.40 mem=130MB 6.6s
[ut_s0] ep   4 loss=0.0686 train_puz=0.9946 val_cell=0.9991 val_puz=0.9950 halt_acc=0.7995 loops=1.45 mem=130MB 5.5s
[ut_s0] ep   5 loss=0.0670 train_puz=0.9944 val_cell=0.9986 val_puz=0.9935 halt_acc=0.9030 loops=1.75 mem=130MB 5.0s
[ut_s0] ep   6 loss=0.0667 train_puz=0.9951 val_cell=0.9992 val_puz=0.9965 halt_acc=0.8090 loops=1.45 mem=130MB 5.0s
[ut_s0] ep   7 loss=0.0645 train_puz=0.9942 val_cell=0.9994 val_puz=0.9970 halt_acc=0.8520 loops=1.56 mem=130MB 5.0s
[ut_s0] ep   8 loss=0.0639 train_puz=0.9934 val_cell=0.9962 val_puz=0.9800 halt_acc=0.8460 loops=1.55 mem=130MB 4.9s
[ut_s0] ep   9 loss=0.0651 train_puz=0.9932 val_cell=0.9988 val_puz=0.9935 halt_acc=0.8255 loops=1.49 mem=130MB 4.9s
[ut_s0] ep  10 loss=0.0605 train_puz=0.9947 val_cell=0.9994 val_puz=0.9965 halt_acc=0.8970 loops=1.64 mem=130MB 5.9s
[ut_s0] ep  11 loss=0.0607 train_puz=0.9928 val_cell=0.9994 val_puz=0.9970 halt_acc=0.8355 loops=1.48 mem=130MB 6.6s
[ut_s0] ep  12 loss=0.0583 train_puz=0.9945 val_cell=0.9992 val_puz=0.9965 halt_acc=0.8575 loops=1.55 mem=130MB 6.3s
[ut_s0] ep  13 loss=0.0554 train_puz=0.9968 val_cell=0.9986 val_puz=0.9925 halt_acc=0.8200 loops=1.44 mem=130MB 6.8s
[ut_s0] ep  14 loss=0.0533 train_puz=0.9968 val_cell=0.9990 val_puz=0.9960 halt_acc=0.7810 loops=1.37 mem=130MB 6.4s
[ut_s0] ep  15 loss=0.0533 train_puz=0.9966 val_cell=0.9979 val_puz=0.9900 halt_acc=0.8545 loops=1.55 mem=130MB 6.5s
[ut_s0] ep  16 loss=0.0546 train_puz=0.9948 val_cell=0.9988 val_puz=0.9950 halt_acc=0.8730 loops=1.58 mem=130MB 6.2s
[ut_s0] ep  17 loss=0.0518 train_puz=0.9971 val_cell=0.9994 val_puz=0.9975 halt_acc=0.8110 loops=1.43 mem=130MB 6.7s
[ut_s0] ep  18 loss=0.0478 train_puz=0.9984 val_cell=0.9997 val_puz=0.9980 halt_acc=0.8705 loops=1.51 mem=130MB 6.4s
[ut_s0] ep  19 loss=0.0488 train_puz=0.9978 val_cell=0.9994 val_puz=0.9970 halt_acc=0.8070 loops=1.37 mem=130MB 5.8s
[ut_s0] ep  20 loss=0.0486 train_puz=0.9972 val_cell=0.9998 val_puz=0.9990 halt_acc=0.8215 loops=1.30 mem=130MB 5.8s
[ut_s0] ep  21 loss=0.0429 train_puz=0.9988 val_cell=0.9997 val_puz=0.9980 halt_acc=0.8265 loops=1.21 mem=130MB 5.5s
[ut_s0] ep  22 loss=0.0362 train_puz=0.9983 val_cell=0.9992 val_puz=0.9970 halt_acc=0.8590 loops=1.10 mem=130MB 6.4s
[ut_s0] ep  23 loss=0.0304 train_puz=0.9988 val_cell=0.9998 val_puz=0.9990 halt_acc=0.8640 loops=1.09 mem=130MB 6.1s
[ut_s0] ep  24 loss=0.0277 train_puz=0.9990 val_cell=0.9999 val_puz=0.9995 halt_acc=0.9045 loops=1.13 mem=130MB 5.5s
[ut_s0] ep  25 loss=0.0264 train_puz=0.9990 val_cell=0.9999 val_puz=0.9995 halt_acc=0.8870 loops=1.12 mem=130MB 5.0s
[ut_s0] ep  26 loss=0.0245 train_puz=0.9996 val_cell=1.0000 val_puz=1.0000 halt_acc=0.9140 loops=1.14 mem=130MB 4.9s
[ut_s0] ep  27 loss=0.0236 train_puz=0.9996 val_cell=0.9999 val_puz=0.9995 halt_acc=0.9120 loops=1.14 mem=130MB 5.1s
[ut_s0] ep  28 loss=0.0220 train_puz=0.9995 val_cell=1.0000 val_puz=1.0000 halt_acc=0.9290 loops=1.17 mem=130MB 5.0s
[ut_s0] ep  29 loss=0.0212 train_puz=0.9997 val_cell=1.0000 val_puz=1.0000 halt_acc=0.9180 loops=1.16 mem=130MB 5.0s
[ut_s0] ep  30 loss=0.0212 train_puz=0.9996 val_cell=0.9997 val_puz=0.9990 halt_acc=0.9230 loops=1.17 mem=130MB 5.7s
[ut_s0] ep  31 loss=0.0203 train_puz=0.9998 val_cell=0.9999 val_puz=0.9995 halt_acc=0.9330 loops=1.17 mem=130MB 6.5s
[ut_s0] ep  32 loss=0.0197 train_puz=0.9998 val_cell=1.0000 val_puz=1.0000 halt_acc=0.9420 loops=1.18 mem=130MB 6.1s
[ut_s0] ep  33 loss=0.0187 train_puz=0.9998 val_cell=1.0000 val_puz=1.0000 halt_acc=0.9340 loops=1.16 mem=130MB 5.7s
[ut_s0] ep  34 loss=0.0185 train_puz=0.9999 val_cell=1.0000 val_puz=1.0000 halt_acc=0.9350 loops=1.16 mem=130MB 5.7s
[ut_s0] ep  35 loss=0.0179 train_puz=0.9998 val_cell=0.9998 val_puz=0.9995 halt_acc=0.9155 loops=1.15 mem=130MB 6.3s
[ut_s0] ep  36 loss=0.0171 train_puz=0.9999 val_cell=1.0000 val_puz=1.0000 halt_acc=0.9355 loops=1.16 mem=130MB 6.1s
[ut_s0] ep  37 loss=0.0167 train_puz=0.9998 val_cell=1.0000 val_puz=1.0000 halt_acc=0.9390 loops=1.16 mem=130MB 6.6s
[ut_s0] ep  38 loss=0.0159 train_puz=1.0000 val_cell=0.9998 val_puz=0.9995 halt_acc=0.9455 loops=1.17 mem=130MB 6.4s
[ut_s0] ep  39 loss=0.0160 train_puz=0.9999 val_cell=1.0000 val_puz=1.0000 halt_acc=0.9500 loops=1.18 mem=130MB 6.5s
=== training ut_s1 ===
[ut_s1] model=ut params=203,909 device=cuda loops=8 tbptt_k=3
[ut_s1] ep   0 loss=0.9252 train_puz=0.0076 val_cell=0.6575 val_puz=0.0855 halt_acc=0.0855 loops=8.00 mem=133MB 6.3s
[ut_s1] ep   1 loss=0.3273 train_puz=0.6008 val_cell=0.9965 val_puz=0.9850 halt_acc=0.7775 loops=1.77 mem=133MB 6.0s
[ut_s1] ep   2 loss=0.0878 train_puz=0.9891 val_cell=0.9972 val_puz=0.9885 halt_acc=0.8015 loops=1.21 mem=133MB 6.2s
[ut_s1] ep   3 loss=0.0536 train_puz=0.9947 val_cell=0.9980 val_puz=0.9880 halt_acc=0.7765 loops=1.02 mem=133MB 5.8s
[ut_s1] ep   4 loss=0.0485 train_puz=0.9941 val_cell=0.9982 val_puz=0.9930 halt_acc=0.7800 loops=1.02 mem=133MB 6.1s
[ut_s1] ep   5 loss=0.0434 train_puz=0.9957 val_cell=0.9980 val_puz=0.9910 halt_acc=0.8125 loops=1.07 mem=133MB 5.0s
[ut_s1] ep   6 loss=0.0410 train_puz=0.9965 val_cell=0.9986 val_puz=0.9930 halt_acc=0.8380 loops=1.05 mem=133MB 4.9s
[ut_s1] ep   7 loss=0.0379 train_puz=0.9959 val_cell=0.9990 val_puz=0.9940 halt_acc=0.8900 loops=1.15 mem=133MB 4.9s
[ut_s1] ep   8 loss=0.0348 train_puz=0.9972 val_cell=0.9983 val_puz=0.9900 halt_acc=0.8830 loops=1.18 mem=133MB 4.9s
[ut_s1] ep   9 loss=0.0358 train_puz=0.9967 val_cell=0.9992 val_puz=0.9975 halt_acc=0.9115 loops=1.20 mem=133MB 4.9s
[ut_s1] ep  10 loss=0.0316 train_puz=0.9982 val_cell=0.9993 val_puz=0.9975 halt_acc=0.8520 loops=1.07 mem=133MB 6.8s
[ut_s1] ep  11 loss=0.0303 train_puz=0.9980 val_cell=0.9998 val_puz=0.9990 halt_acc=0.9320 loops=1.24 mem=133MB 8.2s
[ut_s1] ep  12 loss=0.0304 train_puz=0.9971 val_cell=0.9999 val_puz=0.9995 halt_acc=0.8970 loops=1.13 mem=133MB 8.0s
[ut_s1] ep  13 loss=0.0283 train_puz=0.9985 val_cell=0.9993 val_puz=0.9965 halt_acc=0.9160 loops=1.16 mem=133MB 6.9s
[ut_s1] ep  14 loss=0.0275 train_puz=0.9985 val_cell=1.0000 val_puz=1.0000 halt_acc=0.8905 loops=1.11 mem=133MB 6.5s
[ut_s1] ep  15 loss=0.0247 train_puz=0.9989 val_cell=0.9994 val_puz=0.9975 halt_acc=0.9290 loops=1.24 mem=133MB 5.9s
[ut_s1] ep  16 loss=0.0249 train_puz=0.9989 val_cell=0.9997 val_puz=0.9990 halt_acc=0.9015 loops=1.14 mem=133MB 5.9s
[ut_s1] ep  17 loss=0.0244 train_puz=0.9991 val_cell=0.9995 val_puz=0.9970 halt_acc=0.9300 loops=1.19 mem=133MB 5.8s
[ut_s1] ep  18 loss=0.0239 train_puz=0.9989 val_cell=0.9997 val_puz=0.9990 halt_acc=0.8745 loops=1.09 mem=133MB 6.0s
[ut_s1] ep  19 loss=0.0228 train_puz=0.9993 val_cell=1.0000 val_puz=1.0000 halt_acc=0.9635 loops=1.26 mem=133MB 6.2s
[ut_s1] ep  20 loss=0.0214 train_puz=0.9996 val_cell=0.9999 val_puz=0.9995 halt_acc=0.9145 loops=1.14 mem=133MB 5.7s
[ut_s1] ep  21 loss=0.0219 train_puz=0.9995 val_cell=1.0000 val_puz=1.0000 halt_acc=0.8890 loops=1.09 mem=133MB 6.5s
[ut_s1] ep  22 loss=0.0227 train_puz=0.9990 val_cell=1.0000 val_puz=1.0000 halt_acc=0.9760 loops=1.28 mem=133MB 6.4s
[ut_s1] ep  23 loss=0.0219 train_puz=0.9989 val_cell=0.9999 val_puz=0.9995 halt_acc=0.9380 loops=1.17 mem=133MB 6.5s
[ut_s1] ep  24 loss=0.0195 train_puz=0.9997 val_cell=1.0000 val_puz=1.0000 halt_acc=0.9330 loops=1.16 mem=133MB 5.5s
[ut_s1] ep  25 loss=0.0200 train_puz=0.9994 val_cell=0.9997 val_puz=0.9995 halt_acc=0.9130 loops=1.10 mem=133MB 5.0s
[ut_s1] ep  26 loss=0.0184 train_puz=0.9999 val_cell=1.0000 val_puz=1.0000 halt_acc=0.9105 loops=1.10 mem=133MB 5.0s
[ut_s1] ep  27 loss=0.0180 train_puz=0.9996 val_cell=0.9997 val_puz=0.9985 halt_acc=0.9530 loops=1.13 mem=133MB 5.0s
[ut_s1] ep  28 loss=0.0156 train_puz=1.0000 val_cell=1.0000 val_puz=1.0000 halt_acc=0.9450 loops=1.10 mem=133MB 5.1s
[ut_s1] ep  29 loss=0.0144 train_puz=0.9999 val_cell=1.0000 val_puz=1.0000 halt_acc=0.9315 loops=1.07 mem=133MB 5.0s
[ut_s1] ep  30 loss=0.0135 train_puz=0.9998 val_cell=1.0000 val_puz=1.0000 halt_acc=0.9575 loops=1.08 mem=133MB 5.6s
[ut_s1] ep  31 loss=0.0117 train_puz=0.9998 val_cell=1.0000 val_puz=1.0000 halt_acc=0.9495 loops=1.06 mem=133MB 5.8s
[ut_s1] ep  32 loss=0.0107 train_puz=0.9999 val_cell=1.0000 val_puz=1.0000 halt_acc=0.9625 loops=1.07 mem=133MB 5.9s
[ut_s1] ep  33 loss=0.0100 train_puz=0.9999 val_cell=0.9999 val_puz=0.9995 halt_acc=0.9575 loops=1.06 mem=133MB 6.6s
[ut_s1] ep  34 loss=0.0094 train_puz=1.0000 val_cell=0.9999 val_puz=0.9995 halt_acc=0.9685 loops=1.06 mem=133MB 6.5s
[ut_s1] ep  35 loss=0.0087 train_puz=1.0000 val_cell=0.9999 val_puz=0.9995 halt_acc=0.9700 loops=1.07 mem=133MB 8.2s
[ut_s1] ep  36 loss=0.0083 train_puz=1.0000 val_cell=1.0000 val_puz=1.0000 halt_acc=0.9720 loops=1.07 mem=133MB 8.1s
[ut_s1] ep  37 loss=0.0082 train_puz=0.9999 val_cell=1.0000 val_puz=1.0000 halt_acc=0.9740 loops=1.07 mem=133MB 8.0s
[ut_s1] ep  38 loss=0.0077 train_puz=1.0000 val_cell=1.0000 val_puz=1.0000 halt_acc=0.9745 loops=1.07 mem=133MB 8.1s
[ut_s1] ep  39 loss=0.0078 train_puz=1.0000 val_cell=0.9999 val_puz=0.9995 halt_acc=0.9765 loops=1.07 mem=133MB 7.8s
=== training ut_s2 ===
[ut_s2] model=ut params=203,909 device=cuda loops=8 tbptt_k=3
[ut_s2] ep   0 loss=0.9278 train_puz=0.0147 val_cell=0.7322 val_puz=0.2015 halt_acc=0.2015 loops=8.00 mem=135MB 7.9s
[ut_s2] ep   1 loss=0.3029 train_puz=0.7148 val_cell=0.9909 val_puz=0.9585 halt_acc=0.7380 loops=1.70 mem=135MB 7.7s
[ut_s2] ep   2 loss=0.1003 train_puz=0.9834 val_cell=0.9985 val_puz=0.9930 halt_acc=0.8385 loops=1.57 mem=135MB 7.8s
[ut_s2] ep   3 loss=0.0738 train_puz=0.9913 val_cell=0.9990 val_puz=0.9950 halt_acc=0.8815 loops=1.66 mem=135MB 7.9s
[ut_s2] ep   4 loss=0.0631 train_puz=0.9971 val_cell=0.9997 val_puz=0.9985 halt_acc=0.8350 loops=1.51 mem=135MB 8.0s
[ut_s2] ep   5 loss=0.0582 train_puz=0.9971 val_cell=0.9995 val_puz=0.9975 halt_acc=0.7765 loops=1.22 mem=135MB 7.8s
[ut_s2] ep   6 loss=0.0470 train_puz=0.9968 val_cell=0.9990 val_puz=0.9940 halt_acc=0.8310 loops=1.15 mem=135MB 7.7s
[ut_s2] ep   7 loss=0.0441 train_puz=0.9968 val_cell=0.9995 val_puz=0.9975 halt_acc=0.8510 loops=1.12 mem=135MB 7.7s
[ut_s2] ep   8 loss=0.0405 train_puz=0.9975 val_cell=0.9999 val_puz=0.9995 halt_acc=0.8590 loops=1.14 mem=135MB 7.8s
[ut_s2] ep   9 loss=0.0374 train_puz=0.9975 val_cell=0.9989 val_puz=0.9950 halt_acc=0.8185 loops=1.03 mem=135MB 8.0s
[ut_s2] ep  10 loss=0.0386 train_puz=0.9968 val_cell=0.9996 val_puz=0.9975 halt_acc=0.8810 loops=1.18 mem=135MB 7.7s
[ut_s2] ep  11 loss=0.0351 train_puz=0.9964 val_cell=0.9990 val_puz=0.9955 halt_acc=0.8525 loops=1.07 mem=135MB 7.9s
[ut_s2] ep  12 loss=0.0315 train_puz=0.9981 val_cell=0.9992 val_puz=0.9955 halt_acc=0.8640 loops=1.08 mem=135MB 7.8s
[ut_s2] ep  13 loss=0.0319 train_puz=0.9977 val_cell=0.9999 val_puz=0.9995 halt_acc=0.8600 loops=1.07 mem=135MB 7.8s
[ut_s2] ep  14 loss=0.0297 train_puz=0.9982 val_cell=0.9994 val_puz=0.9970 halt_acc=0.8990 loops=1.14 mem=135MB 7.9s
[ut_s2] ep  15 loss=0.0269 train_puz=0.9986 val_cell=0.9996 val_puz=0.9980 halt_acc=0.9135 loops=1.14 mem=135MB 7.9s
[ut_s2] ep  16 loss=0.0262 train_puz=0.9990 val_cell=0.9995 val_puz=0.9975 halt_acc=0.8885 loops=1.10 mem=135MB 7.9s
[ut_s2] ep  17 loss=0.0244 train_puz=0.9993 val_cell=1.0000 val_puz=1.0000 halt_acc=0.9245 loops=1.18 mem=135MB 7.8s
[ut_s2] ep  18 loss=0.0257 train_puz=0.9987 val_cell=0.9997 val_puz=0.9990 halt_acc=0.9390 loops=1.21 mem=135MB 7.8s
[ut_s2] ep  19 loss=0.0240 train_puz=0.9991 val_cell=0.9997 val_puz=0.9985 halt_acc=0.9195 loops=1.15 mem=135MB 7.9s
[ut_s2] ep  20 loss=0.0232 train_puz=0.9993 val_cell=0.9999 val_puz=0.9995 halt_acc=0.8875 loops=1.09 mem=135MB 7.9s
[ut_s2] ep  21 loss=0.0225 train_puz=0.9991 val_cell=0.9992 val_puz=0.9965 halt_acc=0.9085 loops=1.13 mem=135MB 7.9s
[ut_s2] ep  22 loss=0.0224 train_puz=0.9991 val_cell=1.0000 val_puz=1.0000 halt_acc=0.9465 loops=1.17 mem=135MB 7.8s
[ut_s2] ep  23 loss=0.0202 train_puz=0.9994 val_cell=1.0000 val_puz=1.0000 halt_acc=0.9190 loops=1.12 mem=135MB 7.8s
[ut_s2] ep  24 loss=0.0199 train_puz=0.9993 val_cell=0.9998 val_puz=0.9990 halt_acc=0.9020 loops=1.08 mem=135MB 7.9s
[ut_s2] ep  25 loss=0.0189 train_puz=0.9996 val_cell=1.0000 val_puz=1.0000 halt_acc=0.9310 loops=1.11 mem=135MB 7.8s
[ut_s2] ep  26 loss=0.0177 train_puz=0.9999 val_cell=1.0000 val_puz=1.0000 halt_acc=0.9595 loops=1.17 mem=135MB 7.9s
[ut_s2] ep  27 loss=0.0175 train_puz=0.9999 val_cell=0.9999 val_puz=0.9995 halt_acc=0.9505 loops=1.15 mem=135MB 7.9s
[ut_s2] ep  28 loss=0.0173 train_puz=0.9998 val_cell=0.9998 val_puz=0.9990 halt_acc=0.9440 loops=1.13 mem=135MB 7.8s
[ut_s2] ep  29 loss=0.0171 train_puz=0.9997 val_cell=0.9999 val_puz=0.9995 halt_acc=0.9470 loops=1.11 mem=135MB 7.9s
[ut_s2] ep  30 loss=0.0158 train_puz=0.9999 val_cell=0.9999 val_puz=0.9995 halt_acc=0.9580 loops=1.14 mem=135MB 7.9s
[ut_s2] ep  31 loss=0.0159 train_puz=0.9999 val_cell=0.9999 val_puz=0.9995 halt_acc=0.9590 loops=1.13 mem=135MB 7.9s
[ut_s2] ep  32 loss=0.0150 train_puz=1.0000 val_cell=0.9999 val_puz=0.9995 halt_acc=0.9105 loops=1.08 mem=135MB 7.9s
[ut_s2] ep  33 loss=0.0150 train_puz=0.9999 val_cell=0.9999 val_puz=0.9995 halt_acc=0.9430 loops=1.11 mem=135MB 7.7s
[ut_s2] ep  34 loss=0.0151 train_puz=0.9998 val_cell=1.0000 val_puz=1.0000 halt_acc=0.9485 loops=1.11 mem=135MB 7.7s
[ut_s2] ep  35 loss=0.0148 train_puz=1.0000 val_cell=1.0000 val_puz=1.0000 halt_acc=0.9345 loops=1.10 mem=135MB 7.7s
[ut_s2] ep  36 loss=0.0143 train_puz=1.0000 val_cell=1.0000 val_puz=1.0000 halt_acc=0.9455 loops=1.11 mem=135MB 7.8s
[ut_s2] ep  37 loss=0.0149 train_puz=0.9999 val_cell=0.9999 val_puz=0.9995 halt_acc=0.9380 loops=1.11 mem=135MB 7.9s
[ut_s2] ep  38 loss=0.0143 train_puz=1.0000 val_cell=0.9999 val_puz=0.9995 halt_acc=0.9490 loops=1.12 mem=135MB 8.2s
[ut_s2] ep  39 loss=0.0140 train_puz=1.0000 val_cell=0.9999 val_puz=0.9995 halt_acc=0.9425 loops=1.11 mem=135MB 7.9s
=== training same_param_s0 ===
[same_param_s0] model=same_param params=203,780 device=cuda loops=1 tbptt_k=3
[same_param_s0] ep   0 loss=0.7638 train_puz=0.0074 val_cell=0.6240 val_puz=0.0755 mem=72MB 1.4s
[same_param_s0] ep   1 loss=0.1821 train_puz=0.2921 val_cell=0.8584 val_puz=0.4460 mem=72MB 1.4s
[same_param_s0] ep   2 loss=0.0847 train_puz=0.5010 val_cell=0.8819 val_puz=0.5330 mem=72MB 1.2s
[same_param_s0] ep   3 loss=0.0764 train_puz=0.5223 val_cell=0.8848 val_puz=0.5355 mem=72MB 1.1s
[same_param_s0] ep   4 loss=0.0727 train_puz=0.5121 val_cell=0.8795 val_puz=0.5125 mem=72MB 1.1s
[same_param_s0] ep   5 loss=0.0716 train_puz=0.5112 val_cell=0.8791 val_puz=0.5165 mem=72MB 1.2s
[same_param_s0] ep   6 loss=0.0693 train_puz=0.5178 val_cell=0.8780 val_puz=0.5125 mem=72MB 1.1s
[same_param_s0] ep   7 loss=0.0678 train_puz=0.5179 val_cell=0.8792 val_puz=0.5125 mem=72MB 1.2s
[same_param_s0] ep   8 loss=0.0671 train_puz=0.5145 val_cell=0.8795 val_puz=0.5140 mem=72MB 1.1s
[same_param_s0] ep   9 loss=0.0665 train_puz=0.5146 val_cell=0.8808 val_puz=0.5170 mem=72MB 1.2s
[same_param_s0] ep  10 loss=0.0662 train_puz=0.5170 val_cell=0.8802 val_puz=0.5190 mem=72MB 1.2s
[same_param_s0] ep  11 loss=0.0633 train_puz=0.5420 val_cell=0.9138 val_puz=0.6070 mem=72MB 1.2s
[same_param_s0] ep  12 loss=0.0403 train_puz=0.7606 val_cell=0.9666 val_puz=0.8330 mem=72MB 1.1s
[same_param_s0] ep  13 loss=0.0243 train_puz=0.8606 val_cell=0.9741 val_puz=0.8765 mem=72MB 1.1s
[same_param_s0] ep  14 loss=0.0199 train_puz=0.8837 val_cell=0.9776 val_puz=0.8935 mem=72MB 1.1s
[same_param_s0] ep  15 loss=0.0173 train_puz=0.8997 val_cell=0.9804 val_puz=0.9065 mem=72MB 1.2s
[same_param_s0] ep  16 loss=0.0159 train_puz=0.9062 val_cell=0.9810 val_puz=0.9140 mem=72MB 1.1s
[same_param_s0] ep  17 loss=0.0153 train_puz=0.9099 val_cell=0.9807 val_puz=0.9085 mem=72MB 1.1s
[same_param_s0] ep  18 loss=0.0140 train_puz=0.9180 val_cell=0.9824 val_puz=0.9230 mem=72MB 1.1s
[same_param_s0] ep  19 loss=0.0138 train_puz=0.9177 val_cell=0.9826 val_puz=0.9215 mem=72MB 1.1s
[same_param_s0] ep  20 loss=0.0130 train_puz=0.9232 val_cell=0.9833 val_puz=0.9245 mem=72MB 1.1s
[same_param_s0] ep  21 loss=0.0126 train_puz=0.9229 val_cell=0.9836 val_puz=0.9245 mem=72MB 1.1s
[same_param_s0] ep  22 loss=0.0126 train_puz=0.9234 val_cell=0.9836 val_puz=0.9235 mem=72MB 1.1s
[same_param_s0] ep  23 loss=0.0124 train_puz=0.9237 val_cell=0.9840 val_puz=0.9305 mem=72MB 1.1s
[same_param_s0] ep  24 loss=0.0120 train_puz=0.9242 val_cell=0.9843 val_puz=0.9305 mem=72MB 1.2s
[same_param_s0] ep  25 loss=0.0116 train_puz=0.9258 val_cell=0.9836 val_puz=0.9250 mem=72MB 1.2s
[same_param_s0] ep  26 loss=0.0116 train_puz=0.9243 val_cell=0.9849 val_puz=0.9290 mem=72MB 1.1s
[same_param_s0] ep  27 loss=0.0113 train_puz=0.9263 val_cell=0.9836 val_puz=0.9290 mem=72MB 1.1s
[same_param_s0] ep  28 loss=0.0111 train_puz=0.9264 val_cell=0.9844 val_puz=0.9305 mem=72MB 1.1s
[same_param_s0] ep  29 loss=0.0110 train_puz=0.9283 val_cell=0.9844 val_puz=0.9305 mem=72MB 1.1s
[same_param_s0] ep  30 loss=0.0107 train_puz=0.9263 val_cell=0.9849 val_puz=0.9325 mem=72MB 1.1s
[same_param_s0] ep  31 loss=0.0106 train_puz=0.9257 val_cell=0.9848 val_puz=0.9320 mem=72MB 1.3s
[same_param_s0] ep  32 loss=0.0103 train_puz=0.9271 val_cell=0.9853 val_puz=0.9335 mem=72MB 1.2s
[same_param_s0] ep  33 loss=0.0104 train_puz=0.9272 val_cell=0.9840 val_puz=0.9330 mem=72MB 1.1s
[same_param_s0] ep  34 loss=0.0101 train_puz=0.9286 val_cell=0.9862 val_puz=0.9355 mem=72MB 1.1s
[same_param_s0] ep  35 loss=0.0101 train_puz=0.9289 val_cell=0.9854 val_puz=0.9340 mem=72MB 1.1s
[same_param_s0] ep  36 loss=0.0098 train_puz=0.9297 val_cell=0.9848 val_puz=0.9330 mem=72MB 1.0s
[same_param_s0] ep  37 loss=0.0099 train_puz=0.9296 val_cell=0.9851 val_puz=0.9355 mem=72MB 1.1s
[same_param_s0] ep  38 loss=0.0098 train_puz=0.9270 val_cell=0.9853 val_puz=0.9350 mem=72MB 1.1s
[same_param_s0] ep  39 loss=0.0099 train_puz=0.9277 val_cell=0.9856 val_puz=0.9360 mem=72MB 1.1s
=== training same_param_s1 ===
[same_param_s1] model=same_param params=203,780 device=cuda loops=1 tbptt_k=3
[same_param_s1] ep   0 loss=0.7855 train_puz=0.0045 val_cell=0.5889 val_puz=0.0430 mem=74MB 1.1s
[same_param_s1] ep   1 loss=0.1904 train_puz=0.2438 val_cell=0.8664 val_puz=0.4825 mem=67MB 1.3s
[same_param_s1] ep   2 loss=0.0815 train_puz=0.5126 val_cell=0.8770 val_puz=0.5030 mem=67MB 1.1s
[same_param_s1] ep   3 loss=0.0777 train_puz=0.5153 val_cell=0.8781 val_puz=0.5135 mem=67MB 1.2s
[same_param_s1] ep   4 loss=0.0716 train_puz=0.5176 val_cell=0.8822 val_puz=0.5315 mem=67MB 1.1s
[same_param_s1] ep   5 loss=0.0684 train_puz=0.5179 val_cell=0.8787 val_puz=0.5200 mem=67MB 1.1s
[same_param_s1] ep   6 loss=0.0668 train_puz=0.5238 val_cell=0.8920 val_puz=0.5460 mem=67MB 1.3s
[same_param_s1] ep   7 loss=0.0509 train_puz=0.6784 val_cell=0.9570 val_puz=0.7835 mem=67MB 1.1s
[same_param_s1] ep   8 loss=0.0336 train_puz=0.8090 val_cell=0.9633 val_puz=0.8120 mem=67MB 1.2s
[same_param_s1] ep   9 loss=0.0287 train_puz=0.8323 val_cell=0.9701 val_puz=0.8560 mem=67MB 1.1s
[same_param_s1] ep  10 loss=0.0246 train_puz=0.8636 val_cell=0.9709 val_puz=0.8590 mem=67MB 1.1s
[same_param_s1] ep  11 loss=0.0222 train_puz=0.8758 val_cell=0.9736 val_puz=0.8760 mem=67MB 1.2s
[same_param_s1] ep  12 loss=0.0209 train_puz=0.8813 val_cell=0.9756 val_puz=0.8815 mem=67MB 1.0s
[same_param_s1] ep  13 loss=0.0190 train_puz=0.8923 val_cell=0.9776 val_puz=0.8960 mem=67MB 0.9s
[same_param_s1] ep  14 loss=0.0174 train_puz=0.9036 val_cell=0.9800 val_puz=0.9060 mem=67MB 0.9s
[same_param_s1] ep  15 loss=0.0166 train_puz=0.9095 val_cell=0.9813 val_puz=0.9140 mem=67MB 0.9s
[same_param_s1] ep  16 loss=0.0155 train_puz=0.9136 val_cell=0.9816 val_puz=0.9165 mem=67MB 0.9s
[same_param_s1] ep  17 loss=0.0150 train_puz=0.9171 val_cell=0.9822 val_puz=0.9190 mem=67MB 0.9s
[same_param_s1] ep  18 loss=0.0146 train_puz=0.9171 val_cell=0.9831 val_puz=0.9245 mem=67MB 0.9s
[same_param_s1] ep  19 loss=0.0141 train_puz=0.9199 val_cell=0.9834 val_puz=0.9290 mem=67MB 0.8s
[same_param_s1] ep  20 loss=0.0133 train_puz=0.9210 val_cell=0.9841 val_puz=0.9290 mem=67MB 0.9s
[same_param_s1] ep  21 loss=0.0128 train_puz=0.9235 val_cell=0.9821 val_puz=0.9255 mem=67MB 0.9s
[same_param_s1] ep  22 loss=0.0126 train_puz=0.9243 val_cell=0.9828 val_puz=0.9225 mem=67MB 0.9s
[same_param_s1] ep  23 loss=0.0119 train_puz=0.9274 val_cell=0.9843 val_puz=0.9335 mem=67MB 0.9s
[same_param_s1] ep  24 loss=0.0118 train_puz=0.9258 val_cell=0.9839 val_puz=0.9315 mem=67MB 0.9s
[same_param_s1] ep  25 loss=0.0117 train_puz=0.9264 val_cell=0.9843 val_puz=0.9320 mem=67MB 0.9s
[same_param_s1] ep  26 loss=0.0114 train_puz=0.9292 val_cell=0.9830 val_puz=0.9315 mem=67MB 0.9s
[same_param_s1] ep  27 loss=0.0108 train_puz=0.9294 val_cell=0.9839 val_puz=0.9330 mem=67MB 0.9s
[same_param_s1] ep  28 loss=0.0106 train_puz=0.9300 val_cell=0.9852 val_puz=0.9355 mem=67MB 0.9s
[same_param_s1] ep  29 loss=0.0104 train_puz=0.9300 val_cell=0.9848 val_puz=0.9365 mem=67MB 0.9s
[same_param_s1] ep  30 loss=0.0102 train_puz=0.9320 val_cell=0.9850 val_puz=0.9380 mem=67MB 0.9s
[same_param_s1] ep  31 loss=0.0100 train_puz=0.9328 val_cell=0.9861 val_puz=0.9400 mem=67MB 0.9s
[same_param_s1] ep  32 loss=0.0099 train_puz=0.9332 val_cell=0.9841 val_puz=0.9340 mem=67MB 0.9s
[same_param_s1] ep  33 loss=0.0098 train_puz=0.9322 val_cell=0.9852 val_puz=0.9380 mem=67MB 0.9s
[same_param_s1] ep  34 loss=0.0098 train_puz=0.9320 val_cell=0.9841 val_puz=0.9335 mem=67MB 0.9s
[same_param_s1] ep  35 loss=0.0096 train_puz=0.9318 val_cell=0.9850 val_puz=0.9385 mem=67MB 0.9s
[same_param_s1] ep  36 loss=0.0095 train_puz=0.9345 val_cell=0.9843 val_puz=0.9355 mem=67MB 0.9s
[same_param_s1] ep  37 loss=0.0094 train_puz=0.9339 val_cell=0.9857 val_puz=0.9430 mem=67MB 0.9s
[same_param_s1] ep  38 loss=0.0095 train_puz=0.9337 val_cell=0.9857 val_puz=0.9380 mem=67MB 0.9s
[same_param_s1] ep  39 loss=0.0093 train_puz=0.9347 val_cell=0.9862 val_puz=0.9410 mem=67MB 0.9s
=== training same_param_s2 ===
[same_param_s2] model=same_param params=203,780 device=cuda loops=1 tbptt_k=3
[same_param_s2] ep   0 loss=0.7921 train_puz=0.0055 val_cell=0.6048 val_puz=0.0640 mem=70MB 0.9s
[same_param_s2] ep   1 loss=0.1929 train_puz=0.2900 val_cell=0.8851 val_puz=0.5145 mem=70MB 0.9s
[same_param_s2] ep   2 loss=0.0525 train_puz=0.7152 val_cell=0.9605 val_puz=0.8045 mem=70MB 0.9s
[same_param_s2] ep   3 loss=0.0355 train_puz=0.7987 val_cell=0.9564 val_puz=0.7905 mem=70MB 0.9s
[same_param_s2] ep   4 loss=0.0334 train_puz=0.8060 val_cell=0.9644 val_puz=0.8205 mem=70MB 0.9s
[same_param_s2] ep   5 loss=0.0306 train_puz=0.8185 val_cell=0.9642 val_puz=0.8235 mem=70MB 0.9s
[same_param_s2] ep   6 loss=0.0281 train_puz=0.8332 val_cell=0.9682 val_puz=0.8475 mem=70MB 0.9s
[same_param_s2] ep   7 loss=0.0248 train_puz=0.8561 val_cell=0.9675 val_puz=0.8465 mem=70MB 1.1s
[same_param_s2] ep   8 loss=0.0237 train_puz=0.8644 val_cell=0.9709 val_puz=0.8565 mem=70MB 1.3s
[same_param_s2] ep   9 loss=0.0223 train_puz=0.8689 val_cell=0.9739 val_puz=0.8715 mem=70MB 1.1s
[same_param_s2] ep  10 loss=0.0208 train_puz=0.8761 val_cell=0.9766 val_puz=0.8885 mem=70MB 1.2s
[same_param_s2] ep  11 loss=0.0191 train_puz=0.8858 val_cell=0.9778 val_puz=0.8975 mem=70MB 1.1s
[same_param_s2] ep  12 loss=0.0174 train_puz=0.8985 val_cell=0.9786 val_puz=0.8990 mem=70MB 1.1s
[same_param_s2] ep  13 loss=0.0171 train_puz=0.9006 val_cell=0.9789 val_puz=0.9035 mem=70MB 1.3s
[same_param_s2] ep  14 loss=0.0162 train_puz=0.9027 val_cell=0.9811 val_puz=0.9100 mem=70MB 1.2s
[same_param_s2] ep  15 loss=0.0151 train_puz=0.9105 val_cell=0.9816 val_puz=0.9200 mem=70MB 1.2s
[same_param_s2] ep  16 loss=0.0147 train_puz=0.9118 val_cell=0.9822 val_puz=0.9150 mem=70MB 1.1s
[same_param_s2] ep  17 loss=0.0147 train_puz=0.9099 val_cell=0.9807 val_puz=0.9140 mem=70MB 1.1s
[same_param_s2] ep  18 loss=0.0138 train_puz=0.9150 val_cell=0.9819 val_puz=0.9185 mem=70MB 1.2s
[same_param_s2] ep  19 loss=0.0136 train_puz=0.9162 val_cell=0.9823 val_puz=0.9210 mem=70MB 1.1s
[same_param_s2] ep  20 loss=0.0131 train_puz=0.9186 val_cell=0.9840 val_puz=0.9275 mem=70MB 1.2s
[same_param_s2] ep  21 loss=0.0125 train_puz=0.9228 val_cell=0.9814 val_puz=0.9220 mem=70MB 1.1s
[same_param_s2] ep  22 loss=0.0123 train_puz=0.9223 val_cell=0.9847 val_puz=0.9275 mem=70MB 1.1s
[same_param_s2] ep  23 loss=0.0119 train_puz=0.9238 val_cell=0.9841 val_puz=0.9300 mem=70MB 1.2s
[same_param_s2] ep  24 loss=0.0116 train_puz=0.9253 val_cell=0.9836 val_puz=0.9285 mem=70MB 1.2s
[same_param_s2] ep  25 loss=0.0115 train_puz=0.9251 val_cell=0.9844 val_puz=0.9320 mem=70MB 1.2s
[same_param_s2] ep  26 loss=0.0114 train_puz=0.9264 val_cell=0.9847 val_puz=0.9295 mem=70MB 1.1s
[same_param_s2] ep  27 loss=0.0111 train_puz=0.9263 val_cell=0.9843 val_puz=0.9300 mem=70MB 1.2s
[same_param_s2] ep  28 loss=0.0109 train_puz=0.9256 val_cell=0.9839 val_puz=0.9305 mem=70MB 1.2s
[same_param_s2] ep  29 loss=0.0107 train_puz=0.9281 val_cell=0.9845 val_puz=0.9300 mem=70MB 1.1s
[same_param_s2] ep  30 loss=0.0108 train_puz=0.9264 val_cell=0.9849 val_puz=0.9335 mem=70MB 1.1s
[same_param_s2] ep  31 loss=0.0106 train_puz=0.9266 val_cell=0.9839 val_puz=0.9335 mem=70MB 1.2s
[same_param_s2] ep  32 loss=0.0103 train_puz=0.9297 val_cell=0.9845 val_puz=0.9340 mem=70MB 1.2s
[same_param_s2] ep  33 loss=0.0103 train_puz=0.9275 val_cell=0.9833 val_puz=0.9310 mem=70MB 1.2s
[same_param_s2] ep  34 loss=0.0100 train_puz=0.9291 val_cell=0.9849 val_puz=0.9320 mem=70MB 1.1s
[same_param_s2] ep  35 loss=0.0100 train_puz=0.9306 val_cell=0.9841 val_puz=0.9345 mem=70MB 1.1s
[same_param_s2] ep  36 loss=0.0099 train_puz=0.9292 val_cell=0.9836 val_puz=0.9295 mem=70MB 1.2s
[same_param_s2] ep  37 loss=0.0098 train_puz=0.9296 val_cell=0.9835 val_puz=0.9320 mem=70MB 1.1s
[same_param_s2] ep  38 loss=0.0098 train_puz=0.9307 val_cell=0.9846 val_puz=0.9375 mem=70MB 1.1s
[same_param_s2] ep  39 loss=0.0099 train_puz=0.9286 val_cell=0.9843 val_puz=0.9345 mem=70MB 1.1s
=== training same_compute_s0 ===
[same_compute_s0] model=same_compute params=1,610,500 device=cuda loops=1 tbptt_k=3
[same_compute_s0] ep   0 loss=0.6789 train_puz=0.0239 val_cell=0.7964 val_puz=0.2925 mem=271MB 3.8s
[same_compute_s0] ep   1 loss=0.0511 train_puz=0.8096 val_cell=0.9824 val_puz=0.9195 mem=271MB 3.9s
[same_compute_s0] ep   2 loss=0.0126 train_puz=0.9545 val_cell=0.9913 val_puz=0.9650 mem=271MB 4.0s
[same_compute_s0] ep   3 loss=0.0085 train_puz=0.9694 val_cell=0.9933 val_puz=0.9725 mem=271MB 3.9s
[same_compute_s0] ep   4 loss=0.0061 train_puz=0.9774 val_cell=0.9928 val_puz=0.9680 mem=271MB 3.8s
[same_compute_s0] ep   5 loss=0.0046 train_puz=0.9842 val_cell=0.9971 val_puz=0.9885 mem=271MB 4.1s
[same_compute_s0] ep   6 loss=0.0042 train_puz=0.9857 val_cell=0.9962 val_puz=0.9835 mem=271MB 3.9s
[same_compute_s0] ep   7 loss=0.0029 train_puz=0.9898 val_cell=0.9962 val_puz=0.9845 mem=269MB 3.9s
[same_compute_s0] ep   8 loss=0.0029 train_puz=0.9903 val_cell=0.9985 val_puz=0.9940 mem=269MB 4.1s
[same_compute_s0] ep   9 loss=0.0023 train_puz=0.9918 val_cell=0.9982 val_puz=0.9920 mem=264MB 4.2s
[same_compute_s0] ep  10 loss=0.0021 train_puz=0.9932 val_cell=0.9986 val_puz=0.9940 mem=264MB 4.0s
[same_compute_s0] ep  11 loss=0.0018 train_puz=0.9931 val_cell=0.9975 val_puz=0.9895 mem=264MB 3.9s
[same_compute_s0] ep  12 loss=0.0016 train_puz=0.9946 val_cell=0.9993 val_puz=0.9965 mem=264MB 3.3s
[same_compute_s0] ep  13 loss=0.0013 train_puz=0.9953 val_cell=0.9996 val_puz=0.9980 mem=264MB 2.9s
[same_compute_s0] ep  14 loss=0.0011 train_puz=0.9963 val_cell=0.9993 val_puz=0.9970 mem=264MB 2.9s
[same_compute_s0] ep  15 loss=0.0010 train_puz=0.9961 val_cell=0.9992 val_puz=0.9975 mem=264MB 2.9s
[same_compute_s0] ep  16 loss=0.0007 train_puz=0.9974 val_cell=0.9991 val_puz=0.9950 mem=264MB 2.9s
[same_compute_s0] ep  17 loss=0.0007 train_puz=0.9975 val_cell=0.9996 val_puz=0.9985 mem=264MB 2.9s
[same_compute_s0] ep  18 loss=0.0005 train_puz=0.9981 val_cell=0.9997 val_puz=0.9990 mem=264MB 2.9s
[same_compute_s0] ep  19 loss=0.0006 train_puz=0.9983 val_cell=1.0000 val_puz=1.0000 mem=264MB 3.0s
[same_compute_s0] ep  20 loss=0.0004 train_puz=0.9986 val_cell=0.9998 val_puz=0.9990 mem=264MB 2.9s
[same_compute_s0] ep  21 loss=0.0005 train_puz=0.9988 val_cell=1.0000 val_puz=1.0000 mem=264MB 2.9s
[same_compute_s0] ep  22 loss=0.0002 train_puz=0.9993 val_cell=0.9998 val_puz=0.9995 mem=264MB 3.5s
[same_compute_s0] ep  23 loss=0.0002 train_puz=0.9992 val_cell=0.9995 val_puz=0.9980 mem=264MB 4.1s
[same_compute_s0] ep  24 loss=0.0002 train_puz=0.9996 val_cell=0.9999 val_puz=0.9995 mem=264MB 3.9s
[same_compute_s0] ep  25 loss=0.0001 train_puz=0.9996 val_cell=1.0000 val_puz=1.0000 mem=264MB 3.9s
[same_compute_s0] ep  26 loss=0.0003 train_puz=0.9996 val_cell=1.0000 val_puz=1.0000 mem=264MB 4.1s
[same_compute_s0] ep  27 loss=0.0002 train_puz=0.9996 val_cell=0.9998 val_puz=0.9995 mem=264MB 4.2s
[same_compute_s0] ep  28 loss=0.0001 train_puz=0.9999 val_cell=0.9999 val_puz=0.9995 mem=264MB 3.9s
[same_compute_s0] ep  29 loss=0.0001 train_puz=0.9996 val_cell=1.0000 val_puz=1.0000 mem=264MB 3.9s
[same_compute_s0] ep  30 loss=0.0000 train_puz=1.0000 val_cell=0.9998 val_puz=0.9995 mem=264MB 4.0s
[same_compute_s0] ep  31 loss=0.0000 train_puz=0.9999 val_cell=0.9998 val_puz=0.9990 mem=264MB 3.6s
[same_compute_s0] ep  32 loss=0.0000 train_puz=1.0000 val_cell=1.0000 val_puz=1.0000 mem=264MB 3.9s
[same_compute_s0] ep  33 loss=0.0000 train_puz=1.0000 val_cell=1.0000 val_puz=1.0000 mem=264MB 4.0s
[same_compute_s0] ep  34 loss=0.0000 train_puz=1.0000 val_cell=1.0000 val_puz=1.0000 mem=264MB 4.1s
[same_compute_s0] ep  35 loss=0.0000 train_puz=1.0000 val_cell=1.0000 val_puz=1.0000 mem=264MB 3.8s
[same_compute_s0] ep  36 loss=0.0000 train_puz=1.0000 val_cell=1.0000 val_puz=1.0000 mem=264MB 3.9s
[same_compute_s0] ep  37 loss=0.0000 train_puz=1.0000 val_cell=1.0000 val_puz=1.0000 mem=264MB 3.9s
[same_compute_s0] ep  38 loss=0.0000 train_puz=1.0000 val_cell=1.0000 val_puz=1.0000 mem=264MB 4.0s
[same_compute_s0] ep  39 loss=0.0000 train_puz=1.0000 val_cell=1.0000 val_puz=1.0000 mem=264MB 4.0s
=== training same_compute_s1 ===
[same_compute_s1] model=same_compute params=1,610,500 device=cuda loops=1 tbptt_k=3
[same_compute_s1] ep   0 loss=0.6924 train_puz=0.0125 val_cell=0.7027 val_puz=0.1520 mem=288MB 4.0s
[same_compute_s1] ep   1 loss=0.0593 train_puz=0.7827 val_cell=0.9794 val_puz=0.9120 mem=288MB 3.9s
[same_compute_s1] ep   2 loss=0.0137 train_puz=0.9490 val_cell=0.9872 val_puz=0.9540 mem=288MB 3.9s
[same_compute_s1] ep   3 loss=0.0084 train_puz=0.9705 val_cell=0.9912 val_puz=0.9620 mem=288MB 3.9s
[same_compute_s1] ep   4 loss=0.0065 train_puz=0.9763 val_cell=0.9959 val_puz=0.9850 mem=288MB 3.6s
[same_compute_s1] ep   5 loss=0.0044 train_puz=0.9854 val_cell=0.9984 val_puz=0.9935 mem=288MB 2.9s
[same_compute_s1] ep   6 loss=0.0035 train_puz=0.9886 val_cell=0.9972 val_puz=0.9875 mem=288MB 2.9s
[same_compute_s1] ep   7 loss=0.0037 train_puz=0.9873 val_cell=0.9965 val_puz=0.9860 mem=288MB 2.9s
[same_compute_s1] ep   8 loss=0.0025 train_puz=0.9912 val_cell=0.9987 val_puz=0.9960 mem=288MB 2.9s
[same_compute_s1] ep   9 loss=0.0019 train_puz=0.9938 val_cell=0.9992 val_puz=0.9970 mem=288MB 2.9s
[same_compute_s1] ep  10 loss=0.0019 train_puz=0.9953 val_cell=0.9993 val_puz=0.9965 mem=288MB 3.0s
[same_compute_s1] ep  11 loss=0.0014 train_puz=0.9954 val_cell=0.9990 val_puz=0.9965 mem=288MB 3.0s
[same_compute_s1] ep  12 loss=0.0014 train_puz=0.9956 val_cell=0.9990 val_puz=0.9965 mem=288MB 2.9s
[same_compute_s1] ep  13 loss=0.0011 train_puz=0.9969 val_cell=0.9997 val_puz=0.9990 mem=288MB 2.9s
[same_compute_s1] ep  14 loss=0.0012 train_puz=0.9965 val_cell=0.9993 val_puz=0.9965 mem=288MB 3.4s
[same_compute_s1] ep  15 loss=0.0009 train_puz=0.9972 val_cell=0.9996 val_puz=0.9975 mem=288MB 3.9s
[same_compute_s1] ep  16 loss=0.0007 train_puz=0.9977 val_cell=0.9995 val_puz=0.9975 mem=288MB 4.0s
[same_compute_s1] ep  17 loss=0.0005 train_puz=0.9980 val_cell=0.9992 val_puz=0.9965 mem=288MB 4.0s
[same_compute_s1] ep  18 loss=0.0003 train_puz=0.9989 val_cell=0.9999 val_puz=0.9995 mem=288MB 4.0s
[same_compute_s1] ep  19 loss=0.0005 train_puz=0.9987 val_cell=0.9996 val_puz=0.9980 mem=288MB 4.0s
[same_compute_s1] ep  20 loss=0.0004 train_puz=0.9991 val_cell=1.0000 val_puz=1.0000 mem=288MB 4.1s
[same_compute_s1] ep  21 loss=0.0004 train_puz=0.9989 val_cell=1.0000 val_puz=1.0000 mem=288MB 4.0s
[same_compute_s1] ep  22 loss=0.0002 train_puz=0.9993 val_cell=1.0000 val_puz=1.0000 mem=288MB 4.1s
[same_compute_s1] ep  23 loss=0.0001 train_puz=0.9996 val_cell=1.0000 val_puz=1.0000 mem=288MB 3.9s
[same_compute_s1] ep  24 loss=0.0002 train_puz=0.9996 val_cell=1.0000 val_puz=1.0000 mem=288MB 3.9s
[same_compute_s1] ep  25 loss=0.0000 train_puz=0.9999 val_cell=0.9997 val_puz=0.9995 mem=288MB 3.9s
[same_compute_s1] ep  26 loss=0.0002 train_puz=0.9994 val_cell=0.9996 val_puz=0.9985 mem=288MB 4.0s
[same_compute_s1] ep  27 loss=0.0000 train_puz=1.0000 val_cell=1.0000 val_puz=1.0000 mem=288MB 4.0s
[same_compute_s1] ep  28 loss=0.0000 train_puz=0.9998 val_cell=0.9999 val_puz=0.9995 mem=288MB 4.0s
[same_compute_s1] ep  29 loss=0.0001 train_puz=0.9999 val_cell=1.0000 val_puz=1.0000 mem=288MB 4.0s
[same_compute_s1] ep  30 loss=0.0000 train_puz=1.0000 val_cell=1.0000 val_puz=1.0000 mem=288MB 4.1s
[same_compute_s1] ep  31 loss=0.0000 train_puz=1.0000 val_cell=0.9998 val_puz=0.9995 mem=288MB 3.9s
[same_compute_s1] ep  32 loss=0.0000 train_puz=1.0000 val_cell=0.9999 val_puz=0.9995 mem=288MB 3.9s
[same_compute_s1] ep  33 loss=0.0000 train_puz=1.0000 val_cell=0.9999 val_puz=0.9995 mem=288MB 4.0s
[same_compute_s1] ep  34 loss=0.0000 train_puz=1.0000 val_cell=0.9999 val_puz=0.9995 mem=288MB 4.1s
[same_compute_s1] ep  35 loss=0.0000 train_puz=1.0000 val_cell=0.9999 val_puz=0.9995 mem=288MB 4.0s
[same_compute_s1] ep  36 loss=0.0000 train_puz=1.0000 val_cell=1.0000 val_puz=1.0000 mem=288MB 3.4s
[same_compute_s1] ep  37 loss=0.0000 train_puz=1.0000 val_cell=1.0000 val_puz=1.0000 mem=288MB 2.9s
[same_compute_s1] ep  38 loss=0.0000 train_puz=1.0000 val_cell=1.0000 val_puz=1.0000 mem=288MB 2.9s
[same_compute_s1] ep  39 loss=0.0000 train_puz=1.0000 val_cell=1.0000 val_puz=1.0000 mem=288MB 2.9s
=== training same_compute_s2 ===
[same_compute_s2] model=same_compute params=1,610,500 device=cuda loops=1 tbptt_k=3
[same_compute_s2] ep   0 loss=0.6980 train_puz=0.0140 val_cell=0.7713 val_puz=0.2560 mem=306MB 3.0s
[same_compute_s2] ep   1 loss=0.0554 train_puz=0.7950 val_cell=0.9744 val_puz=0.8810 mem=306MB 3.3s
[same_compute_s2] ep   2 loss=0.0129 train_puz=0.9523 val_cell=0.9923 val_puz=0.9650 mem=306MB 5.0s
[same_compute_s2] ep   3 loss=0.0082 train_puz=0.9713 val_cell=0.9889 val_puz=0.9495 mem=306MB 4.8s
[same_compute_s2] ep   4 loss=0.0063 train_puz=0.9781 val_cell=0.9953 val_puz=0.9795 mem=306MB 4.9s
[same_compute_s2] ep   5 loss=0.0053 train_puz=0.9833 val_cell=0.9944 val_puz=0.9745 mem=306MB 4.6s
[same_compute_s2] ep   6 loss=0.0047 train_puz=0.9842 val_cell=0.9951 val_puz=0.9800 mem=306MB 4.4s
[same_compute_s2] ep   7 loss=0.0037 train_puz=0.9873 val_cell=0.9977 val_puz=0.9905 mem=306MB 4.8s
[same_compute_s2] ep   8 loss=0.0033 train_puz=0.9882 val_cell=0.9974 val_puz=0.9890 mem=306MB 4.8s
[same_compute_s2] ep   9 loss=0.0026 train_puz=0.9917 val_cell=0.9982 val_puz=0.9925 mem=306MB 4.9s
[same_compute_s2] ep  10 loss=0.0027 train_puz=0.9914 val_cell=0.9991 val_puz=0.9965 mem=306MB 4.8s
[same_compute_s2] ep  11 loss=0.0020 train_puz=0.9937 val_cell=0.9979 val_puz=0.9925 mem=306MB 4.7s
[same_compute_s2] ep  12 loss=0.0020 train_puz=0.9942 val_cell=0.9978 val_puz=0.9915 mem=306MB 4.7s
[same_compute_s2] ep  13 loss=0.0016 train_puz=0.9954 val_cell=0.9986 val_puz=0.9935 mem=306MB 4.8s
[same_compute_s2] ep  14 loss=0.0012 train_puz=0.9960 val_cell=0.9997 val_puz=0.9990 mem=306MB 4.7s
[same_compute_s2] ep  15 loss=0.0010 train_puz=0.9964 val_cell=0.9992 val_puz=0.9960 mem=306MB 4.7s
[same_compute_s2] ep  16 loss=0.0010 train_puz=0.9970 val_cell=0.9999 val_puz=0.9995 mem=306MB 4.7s
[same_compute_s2] ep  17 loss=0.0006 train_puz=0.9979 val_cell=0.9998 val_puz=0.9985 mem=306MB 4.7s
[same_compute_s2] ep  18 loss=0.0007 train_puz=0.9985 val_cell=0.9995 val_puz=0.9990 mem=306MB 4.8s
[same_compute_s2] ep  19 loss=0.0005 train_puz=0.9986 val_cell=0.9996 val_puz=0.9985 mem=306MB 4.7s
[same_compute_s2] ep  20 loss=0.0004 train_puz=0.9982 val_cell=0.9997 val_puz=0.9990 mem=306MB 4.8s
[same_compute_s2] ep  21 loss=0.0004 train_puz=0.9987 val_cell=0.9997 val_puz=0.9985 mem=306MB 4.8s
[same_compute_s2] ep  22 loss=0.0004 train_puz=0.9987 val_cell=0.9994 val_puz=0.9975 mem=306MB 4.7s
[same_compute_s2] ep  23 loss=0.0002 train_puz=0.9993 val_cell=0.9998 val_puz=0.9995 mem=306MB 4.7s
[same_compute_s2] ep  24 loss=0.0003 train_puz=0.9993 val_cell=0.9999 val_puz=0.9995 mem=306MB 4.8s
[same_compute_s2] ep  25 loss=0.0002 train_puz=0.9992 val_cell=0.9997 val_puz=0.9985 mem=306MB 4.8s
[same_compute_s2] ep  26 loss=0.0002 train_puz=0.9997 val_cell=0.9995 val_puz=0.9985 mem=306MB 4.7s
[same_compute_s2] ep  27 loss=0.0001 train_puz=0.9998 val_cell=1.0000 val_puz=1.0000 mem=306MB 4.7s
[same_compute_s2] ep  28 loss=0.0001 train_puz=0.9997 val_cell=1.0000 val_puz=1.0000 mem=306MB 3.3s
[same_compute_s2] ep  29 loss=0.0001 train_puz=0.9998 val_cell=1.0000 val_puz=1.0000 mem=306MB 3.2s
[same_compute_s2] ep  30 loss=0.0001 train_puz=0.9997 val_cell=1.0000 val_puz=1.0000 mem=306MB 4.6s
[same_compute_s2] ep  31 loss=0.0000 train_puz=1.0000 val_cell=1.0000 val_puz=1.0000 mem=306MB 4.8s
[same_compute_s2] ep  32 loss=0.0000 train_puz=1.0000 val_cell=1.0000 val_puz=1.0000 mem=306MB 4.7s
[same_compute_s2] ep  33 loss=0.0000 train_puz=1.0000 val_cell=1.0000 val_puz=1.0000 mem=306MB 4.7s
[same_compute_s2] ep  34 loss=0.0000 train_puz=1.0000 val_cell=1.0000 val_puz=1.0000 mem=306MB 4.7s
[same_compute_s2] ep  35 loss=0.0000 train_puz=0.9999 val_cell=1.0000 val_puz=1.0000 mem=306MB 4.6s
[same_compute_s2] ep  36 loss=0.0000 train_puz=1.0000 val_cell=1.0000 val_puz=1.0000 mem=306MB 3.8s
[same_compute_s2] ep  37 loss=0.0000 train_puz=1.0000 val_cell=1.0000 val_puz=1.0000 mem=306MB 4.0s
[same_compute_s2] ep  38 loss=0.0000 train_puz=1.0000 val_cell=1.0000 val_puz=1.0000 mem=306MB 4.3s
[same_compute_s2] ep  39 loss=0.0000 train_puz=1.0000 val_cell=1.0000 val_puz=1.0000 mem=306MB 4.0s
=== training ut_k1_s0 ===
[ut_k1_s0] model=ut params=203,909 device=cuda loops=8 tbptt_k=1
[ut_k1_s0] ep   0 loss=0.9721 train_puz=0.0081 val_cell=0.6704 val_puz=0.1045 halt_acc=0.1045 loops=8.00 mem=130MB 8.3s
[ut_k1_s0] ep   1 loss=0.3759 train_puz=0.4884 val_cell=0.9560 val_puz=0.8055 halt_acc=0.6155 loops=1.78 mem=129MB 8.4s
[ut_k1_s0] ep   2 loss=0.1938 train_puz=0.9151 val_cell=0.9827 val_puz=0.9275 halt_acc=0.6195 loops=1.38 mem=129MB 8.9s
[ut_k1_s0] ep   3 loss=0.1727 train_puz=0.9393 val_cell=0.9895 val_puz=0.9580 halt_acc=0.7480 loops=1.56 mem=129MB 8.9s
[ut_k1_s0] ep   4 loss=0.1308 train_puz=0.9635 val_cell=0.9919 val_puz=0.9665 halt_acc=0.7610 loops=1.61 mem=129MB 8.4s
[ut_k1_s0] ep   5 loss=0.1481 train_puz=0.9459 val_cell=0.9913 val_puz=0.9605 halt_acc=0.7990 loops=1.79 mem=129MB 8.2s
[ut_k1_s0] ep   6 loss=0.1491 train_puz=0.9455 val_cell=0.9888 val_puz=0.9500 halt_acc=0.6995 loops=1.55 mem=129MB 9.5s
[ut_k1_s0] ep   7 loss=0.1321 train_puz=0.9512 val_cell=0.9911 val_puz=0.9615 halt_acc=0.7555 loops=1.63 mem=129MB 8.3s
[ut_k1_s0] ep   8 loss=0.1432 train_puz=0.9382 val_cell=0.9887 val_puz=0.9520 halt_acc=0.7355 loops=1.60 mem=129MB 8.3s
[ut_k1_s0] ep   9 loss=0.1393 train_puz=0.9426 val_cell=0.9889 val_puz=0.9540 halt_acc=0.7895 loops=1.76 mem=129MB 8.4s
[ut_k1_s0] ep  10 loss=0.1388 train_puz=0.9359 val_cell=0.9868 val_puz=0.9410 halt_acc=0.7320 loops=1.56 mem=129MB 9.9s
[ut_k1_s0] ep  11 loss=0.1453 train_puz=0.9289 val_cell=0.9836 val_puz=0.9265 halt_acc=0.8345 loops=1.94 mem=129MB 10.1s
[ut_k1_s0] ep  12 loss=0.1310 train_puz=0.9391 val_cell=0.9844 val_puz=0.9290 halt_acc=0.7720 loops=1.82 mem=129MB 9.8s
[ut_k1_s0] ep  13 loss=0.1235 train_puz=0.9472 val_cell=0.9885 val_puz=0.9540 halt_acc=0.7100 loops=1.42 mem=129MB 8.3s
[ut_k1_s0] ep  14 loss=0.1202 train_puz=0.9483 val_cell=0.9927 val_puz=0.9675 halt_acc=0.7295 loops=1.54 mem=129MB 8.0s
[ut_k1_s0] ep  15 loss=0.1166 train_puz=0.9490 val_cell=0.9875 val_puz=0.9465 halt_acc=0.8245 loops=1.89 mem=129MB 8.6s
[ut_k1_s0] ep  16 loss=0.1190 train_puz=0.9433 val_cell=0.9892 val_puz=0.9560 halt_acc=0.7605 loops=1.59 mem=129MB 8.6s
[ut_k1_s0] ep  17 loss=0.1139 train_puz=0.9461 val_cell=0.9888 val_puz=0.9560 halt_acc=0.7490 loops=1.60 mem=129MB 8.7s
[ut_k1_s0] ep  18 loss=0.1115 train_puz=0.9448 val_cell=0.9897 val_puz=0.9565 halt_acc=0.7455 loops=1.58 mem=129MB 8.6s
[ut_k1_s0] ep  19 loss=0.1092 train_puz=0.9477 val_cell=0.9904 val_puz=0.9585 halt_acc=0.7715 loops=1.64 mem=129MB 9.0s
[ut_k1_s0] ep  20 loss=0.1055 train_puz=0.9511 val_cell=0.9909 val_puz=0.9595 halt_acc=0.7535 loops=1.55 mem=129MB 8.6s
[ut_k1_s0] ep  21 loss=0.0999 train_puz=0.9559 val_cell=0.9892 val_puz=0.9595 halt_acc=0.7620 loops=1.60 mem=129MB 8.2s
[ut_k1_s0] ep  22 loss=0.0968 train_puz=0.9542 val_cell=0.9891 val_puz=0.9535 halt_acc=0.7925 loops=1.63 mem=129MB 9.0s
[ut_k1_s0] ep  23 loss=0.0969 train_puz=0.9548 val_cell=0.9899 val_puz=0.9615 halt_acc=0.7285 loops=1.51 mem=129MB 8.6s
[ut_k1_s0] ep  24 loss=0.0980 train_puz=0.9530 val_cell=0.9882 val_puz=0.9520 halt_acc=0.7495 loops=1.55 mem=129MB 8.9s
[ut_k1_s0] ep  25 loss=0.0932 train_puz=0.9553 val_cell=0.9869 val_puz=0.9515 halt_acc=0.7420 loops=1.61 mem=129MB 7.8s
[ut_k1_s0] ep  26 loss=0.0938 train_puz=0.9544 val_cell=0.9874 val_puz=0.9520 halt_acc=0.8140 loops=1.74 mem=129MB 8.1s
[ut_k1_s0] ep  27 loss=0.0873 train_puz=0.9566 val_cell=0.9887 val_puz=0.9615 halt_acc=0.8025 loops=1.65 mem=129MB 8.2s
[ut_k1_s0] ep  28 loss=0.0849 train_puz=0.9566 val_cell=0.9892 val_puz=0.9610 halt_acc=0.7805 loops=1.60 mem=129MB 8.8s
[ut_k1_s0] ep  29 loss=0.0831 train_puz=0.9576 val_cell=0.9913 val_puz=0.9685 halt_acc=0.8065 loops=1.64 mem=129MB 8.4s
[ut_k1_s0] ep  30 loss=0.0844 train_puz=0.9557 val_cell=0.9916 val_puz=0.9690 halt_acc=0.8335 loops=1.66 mem=129MB 8.3s
[ut_k1_s0] ep  31 loss=0.0788 train_puz=0.9610 val_cell=0.9914 val_puz=0.9680 halt_acc=0.7860 loops=1.56 mem=129MB 8.3s
[ut_k1_s0] ep  32 loss=0.0756 train_puz=0.9633 val_cell=0.9909 val_puz=0.9670 halt_acc=0.8045 loops=1.62 mem=129MB 8.3s
[ut_k1_s0] ep  33 loss=0.0776 train_puz=0.9594 val_cell=0.9910 val_puz=0.9675 halt_acc=0.7770 loops=1.53 mem=129MB 8.4s
[ut_k1_s0] ep  34 loss=0.0731 train_puz=0.9632 val_cell=0.9916 val_puz=0.9675 halt_acc=0.8200 loops=1.63 mem=129MB 7.9s
[ut_k1_s0] ep  35 loss=0.0729 train_puz=0.9637 val_cell=0.9911 val_puz=0.9680 halt_acc=0.8125 loops=1.66 mem=129MB 8.5s
[ut_k1_s0] ep  36 loss=0.0738 train_puz=0.9658 val_cell=0.9912 val_puz=0.9675 halt_acc=0.8070 loops=1.59 mem=129MB 9.0s
[ut_k1_s0] ep  37 loss=0.0721 train_puz=0.9646 val_cell=0.9918 val_puz=0.9690 halt_acc=0.8240 loops=1.60 mem=129MB 8.8s
[ut_k1_s0] ep  38 loss=0.0715 train_puz=0.9675 val_cell=0.9917 val_puz=0.9680 halt_acc=0.8235 loops=1.60 mem=129MB 8.7s
[ut_k1_s0] ep  39 loss=0.0713 train_puz=0.9660 val_cell=0.9915 val_puz=0.9685 halt_acc=0.8270 loops=1.63 mem=129MB 8.3s
=== training ut_k1_s1 ===
[ut_k1_s1] model=ut params=203,909 device=cuda loops=8 tbptt_k=1
[ut_k1_s1] ep   0 loss=0.9314 train_puz=0.0039 val_cell=0.6191 val_puz=0.0655 halt_acc=0.0655 loops=8.00 mem=127MB 8.4s
[ut_k1_s1] ep   1 loss=0.4003 train_puz=0.2900 val_cell=0.9127 val_puz=0.6085 halt_acc=0.5250 loops=4.91 mem=126MB 8.7s
[ut_k1_s1] ep   2 loss=0.1979 train_puz=0.8841 val_cell=0.9856 val_puz=0.9280 halt_acc=0.7625 loops=1.24 mem=126MB 8.0s
[ut_k1_s1] ep   3 loss=0.1070 train_puz=0.9655 val_cell=0.9937 val_puz=0.9705 halt_acc=0.7785 loops=1.05 mem=126MB 8.1s
[ut_k1_s1] ep   4 loss=0.0991 train_puz=0.9687 val_cell=0.9898 val_puz=0.9540 halt_acc=0.7900 loops=1.04 mem=126MB 8.7s
[ut_k1_s1] ep   5 loss=0.0970 train_puz=0.9612 val_cell=0.9926 val_puz=0.9675 halt_acc=0.8120 loops=1.08 mem=126MB 9.7s
[ut_k1_s1] ep   6 loss=0.0929 train_puz=0.9650 val_cell=0.9879 val_puz=0.9490 halt_acc=0.8195 loops=1.11 mem=126MB 9.2s
[ut_k1_s1] ep   7 loss=0.0889 train_puz=0.9640 val_cell=0.9865 val_puz=0.9460 halt_acc=0.8030 loops=1.19 mem=126MB 9.0s
[ut_k1_s1] ep   8 loss=0.0910 train_puz=0.9577 val_cell=0.9906 val_puz=0.9585 halt_acc=0.8530 loops=1.34 mem=126MB 8.9s
[ut_k1_s1] ep   9 loss=0.0857 train_puz=0.9571 val_cell=0.9880 val_puz=0.9450 halt_acc=0.8170 loops=1.20 mem=126MB 10.0s
[ut_k1_s1] ep  10 loss=0.0792 train_puz=0.9648 val_cell=0.9907 val_puz=0.9640 halt_acc=0.8640 loops=1.32 mem=126MB 8.9s
[ut_k1_s1] ep  11 loss=0.0846 train_puz=0.9573 val_cell=0.9912 val_puz=0.9665 halt_acc=0.8455 loops=1.34 mem=126MB 9.2s
[ut_k1_s1] ep  12 loss=0.0764 train_puz=0.9628 val_cell=0.9877 val_puz=0.9525 halt_acc=0.8430 loops=1.34 mem=126MB 9.2s
[ut_k1_s1] ep  13 loss=0.0716 train_puz=0.9656 val_cell=0.9898 val_puz=0.9615 halt_acc=0.8670 loops=1.31 mem=126MB 9.5s
[ut_k1_s1] ep  14 loss=0.0693 train_puz=0.9698 val_cell=0.9892 val_puz=0.9565 halt_acc=0.8440 loops=1.23 mem=126MB 8.5s
[ut_k1_s1] ep  15 loss=0.0707 train_puz=0.9639 val_cell=0.9912 val_puz=0.9650 halt_acc=0.8595 loops=1.26 mem=126MB 8.2s
[ut_k1_s1] ep  16 loss=0.0666 train_puz=0.9699 val_cell=0.9919 val_puz=0.9665 halt_acc=0.8875 loops=1.34 mem=126MB 8.6s
[ut_k1_s1] ep  17 loss=0.0665 train_puz=0.9665 val_cell=0.9930 val_puz=0.9695 halt_acc=0.9100 loops=1.58 mem=126MB 8.1s
[ut_k1_s1] ep  18 loss=0.0642 train_puz=0.9717 val_cell=0.9882 val_puz=0.9555 halt_acc=0.8630 loops=1.45 mem=126MB 8.3s
[ut_k1_s1] ep  19 loss=0.0610 train_puz=0.9717 val_cell=0.9922 val_puz=0.9705 halt_acc=0.8795 loops=1.36 mem=126MB 8.9s
[ut_k1_s1] ep  20 loss=0.0609 train_puz=0.9702 val_cell=0.9915 val_puz=0.9690 halt_acc=0.8845 loops=1.46 mem=126MB 9.8s
[ut_k1_s1] ep  21 loss=0.0575 train_puz=0.9733 val_cell=0.9926 val_puz=0.9720 halt_acc=0.8785 loops=1.25 mem=126MB 9.5s
[ut_k1_s1] ep  22 loss=0.0568 train_puz=0.9733 val_cell=0.9916 val_puz=0.9695 halt_acc=0.8875 loops=1.28 mem=126MB 8.1s
[ut_k1_s1] ep  23 loss=0.0546 train_puz=0.9762 val_cell=0.9935 val_puz=0.9775 halt_acc=0.9025 loops=1.35 mem=126MB 8.6s
[ut_k1_s1] ep  24 loss=0.0558 train_puz=0.9729 val_cell=0.9944 val_puz=0.9780 halt_acc=0.8945 loops=1.29 mem=126MB 8.4s
[ut_k1_s1] ep  25 loss=0.0525 train_puz=0.9753 val_cell=0.9942 val_puz=0.9780 halt_acc=0.8845 loops=1.28 mem=126MB 8.7s
[ut_k1_s1] ep  26 loss=0.0509 train_puz=0.9743 val_cell=0.9927 val_puz=0.9750 halt_acc=0.8820 loops=1.18 mem=126MB 9.3s
[ut_k1_s1] ep  27 loss=0.0489 train_puz=0.9777 val_cell=0.9955 val_puz=0.9830 halt_acc=0.9225 loops=1.27 mem=126MB 9.6s
[ut_k1_s1] ep  28 loss=0.0442 train_puz=0.9809 val_cell=0.9952 val_puz=0.9795 halt_acc=0.9195 loops=1.23 mem=126MB 8.2s
[ut_k1_s1] ep  29 loss=0.0435 train_puz=0.9804 val_cell=0.9951 val_puz=0.9805 halt_acc=0.9290 loops=1.24 mem=126MB 8.3s
[ut_k1_s1] ep  30 loss=0.0427 train_puz=0.9805 val_cell=0.9960 val_puz=0.9855 halt_acc=0.9205 loops=1.18 mem=126MB 8.5s
[ut_k1_s1] ep  31 loss=0.0391 train_puz=0.9823 val_cell=0.9970 val_puz=0.9885 halt_acc=0.9400 loops=1.22 mem=126MB 8.2s
[ut_k1_s1] ep  32 loss=0.0399 train_puz=0.9831 val_cell=0.9962 val_puz=0.9855 halt_acc=0.9200 loops=1.23 mem=126MB 7.9s
[ut_k1_s1] ep  33 loss=0.0372 train_puz=0.9839 val_cell=0.9962 val_puz=0.9850 halt_acc=0.9310 loops=1.19 mem=126MB 8.0s
[ut_k1_s1] ep  34 loss=0.0360 train_puz=0.9840 val_cell=0.9967 val_puz=0.9880 halt_acc=0.9240 loops=1.18 mem=126MB 7.8s
[ut_k1_s1] ep  35 loss=0.0356 train_puz=0.9845 val_cell=0.9962 val_puz=0.9865 halt_acc=0.9435 loops=1.20 mem=126MB 8.7s
[ut_k1_s1] ep  36 loss=0.0336 train_puz=0.9855 val_cell=0.9973 val_puz=0.9905 halt_acc=0.9390 loops=1.19 mem=126MB 8.0s
[ut_k1_s1] ep  37 loss=0.0331 train_puz=0.9860 val_cell=0.9977 val_puz=0.9915 halt_acc=0.9500 loops=1.23 mem=126MB 8.3s
[ut_k1_s1] ep  38 loss=0.0334 train_puz=0.9863 val_cell=0.9974 val_puz=0.9905 halt_acc=0.9440 loops=1.21 mem=126MB 8.4s
[ut_k1_s1] ep  39 loss=0.0319 train_puz=0.9882 val_cell=0.9967 val_puz=0.9875 halt_acc=0.9480 loops=1.20 mem=126MB 8.3s
=== training ut_k1_s2 ===
[ut_k1_s2] model=ut params=203,909 device=cuda loops=8 tbptt_k=1
[ut_k1_s2] ep   0 loss=0.9338 train_puz=0.0060 val_cell=0.6684 val_puz=0.1020 halt_acc=0.1020 loops=8.00 mem=130MB 8.8s
[ut_k1_s2] ep   1 loss=0.3851 train_puz=0.4804 val_cell=0.9729 val_puz=0.8805 halt_acc=0.6370 loops=2.42 mem=129MB 8.3s
[ut_k1_s2] ep   2 loss=0.1958 train_puz=0.9165 val_cell=0.9890 val_puz=0.9495 halt_acc=0.7485 loops=1.90 mem=129MB 8.8s
[ut_k1_s2] ep   3 loss=0.1448 train_puz=0.9557 val_cell=0.9928 val_puz=0.9700 halt_acc=0.6440 loops=1.37 mem=129MB 8.6s
[ut_k1_s2] ep   4 loss=0.1380 train_puz=0.9554 val_cell=0.9911 val_puz=0.9600 halt_acc=0.7770 loops=1.52 mem=129MB 8.4s
[ut_k1_s2] ep   5 loss=0.0989 train_puz=0.9704 val_cell=0.9947 val_puz=0.9765 halt_acc=0.7655 loops=1.14 mem=129MB 8.7s
[ut_k1_s2] ep   6 loss=0.0911 train_puz=0.9676 val_cell=0.9895 val_puz=0.9515 halt_acc=0.8025 loops=1.30 mem=129MB 8.7s
[ut_k1_s2] ep   7 loss=0.0874 train_puz=0.9665 val_cell=0.9914 val_puz=0.9645 halt_acc=0.8490 loops=1.42 mem=129MB 9.9s
[ut_k1_s2] ep   8 loss=0.0854 train_puz=0.9641 val_cell=0.9937 val_puz=0.9715 halt_acc=0.8235 loops=1.27 mem=129MB 8.7s
[ut_k1_s2] ep   9 loss=0.0834 train_puz=0.9662 val_cell=0.9897 val_puz=0.9620 halt_acc=0.7800 loops=1.12 mem=129MB 9.7s
[ut_k1_s2] ep  10 loss=0.0848 train_puz=0.9620 val_cell=0.9920 val_puz=0.9660 halt_acc=0.8825 loops=1.50 mem=129MB 8.5s
[ut_k1_s2] ep  11 loss=0.0809 train_puz=0.9626 val_cell=0.9844 val_puz=0.9300 halt_acc=0.7600 loops=1.28 mem=129MB 8.3s
[ut_k1_s2] ep  12 loss=0.0820 train_puz=0.9564 val_cell=0.9907 val_puz=0.9640 halt_acc=0.8595 loops=1.33 mem=129MB 7.9s
[ut_k1_s2] ep  13 loss=0.0746 train_puz=0.9599 val_cell=0.9906 val_puz=0.9635 halt_acc=0.8725 loops=1.33 mem=129MB 9.4s
[ut_k1_s2] ep  14 loss=0.0722 train_puz=0.9612 val_cell=0.9892 val_puz=0.9635 halt_acc=0.8335 loops=1.17 mem=129MB 10.3s
[ut_k1_s2] ep  15 loss=0.0705 train_puz=0.9607 val_cell=0.9873 val_puz=0.9545 halt_acc=0.8855 loops=1.42 mem=129MB 10.3s
[ut_k1_s2] ep  16 loss=0.0680 train_puz=0.9633 val_cell=0.9894 val_puz=0.9670 halt_acc=0.8670 loops=1.38 mem=129MB 10.2s
[ut_k1_s2] ep  17 loss=0.0630 train_puz=0.9643 val_cell=0.9891 val_puz=0.9600 halt_acc=0.8620 loops=1.30 mem=129MB 10.4s
[ut_k1_s2] ep  18 loss=0.0618 train_puz=0.9655 val_cell=0.9909 val_puz=0.9655 halt_acc=0.8405 loops=1.25 mem=129MB 10.4s
[ut_k1_s2] ep  19 loss=0.0617 train_puz=0.9668 val_cell=0.9898 val_puz=0.9665 halt_acc=0.8750 loops=1.25 mem=129MB 10.4s
[ut_k1_s2] ep  20 loss=0.0577 train_puz=0.9682 val_cell=0.9910 val_puz=0.9675 halt_acc=0.8805 loops=1.31 mem=129MB 10.1s
[ut_k1_s2] ep  21 loss=0.0549 train_puz=0.9709 val_cell=0.9922 val_puz=0.9730 halt_acc=0.8980 loops=1.36 mem=129MB 10.2s
[ut_k1_s2] ep  22 loss=0.0526 train_puz=0.9719 val_cell=0.9927 val_puz=0.9745 halt_acc=0.9040 loops=1.33 mem=129MB 10.1s
[ut_k1_s2] ep  23 loss=0.0520 train_puz=0.9730 val_cell=0.9932 val_puz=0.9745 halt_acc=0.8775 loops=1.29 mem=129MB 10.3s
[ut_k1_s2] ep  24 loss=0.0509 train_puz=0.9720 val_cell=0.9917 val_puz=0.9730 halt_acc=0.8805 loops=1.29 mem=129MB 10.5s
[ut_k1_s2] ep  25 loss=0.0485 train_puz=0.9743 val_cell=0.9933 val_puz=0.9765 halt_acc=0.8955 loops=1.29 mem=129MB 10.2s
[ut_k1_s2] ep  26 loss=0.0480 train_puz=0.9758 val_cell=0.9930 val_puz=0.9770 halt_acc=0.9275 loops=1.41 mem=129MB 10.1s
[ut_k1_s2] ep  27 loss=0.0448 train_puz=0.9778 val_cell=0.9934 val_puz=0.9745 halt_acc=0.8935 loops=1.32 mem=129MB 10.2s
[ut_k1_s2] ep  28 loss=0.0443 train_puz=0.9779 val_cell=0.9936 val_puz=0.9770 halt_acc=0.8920 loops=1.28 mem=129MB 10.3s
[ut_k1_s2] ep  29 loss=0.0410 train_puz=0.9818 val_cell=0.9947 val_puz=0.9820 halt_acc=0.8755 loops=1.22 mem=129MB 10.1s
[ut_k1_s2] ep  30 loss=0.0407 train_puz=0.9814 val_cell=0.9942 val_puz=0.9785 halt_acc=0.9030 loops=1.32 mem=129MB 10.3s
[ut_k1_s2] ep  31 loss=0.0380 train_puz=0.9835 val_cell=0.9956 val_puz=0.9850 halt_acc=0.8835 loops=1.23 mem=129MB 10.3s
[ut_k1_s2] ep  32 loss=0.0376 train_puz=0.9840 val_cell=0.9947 val_puz=0.9825 halt_acc=0.9060 loops=1.26 mem=129MB 10.2s
[ut_k1_s2] ep  33 loss=0.0380 train_puz=0.9852 val_cell=0.9961 val_puz=0.9850 halt_acc=0.9025 loops=1.27 mem=129MB 10.2s
[ut_k1_s2] ep  34 loss=0.0358 train_puz=0.9866 val_cell=0.9954 val_puz=0.9840 halt_acc=0.9085 loops=1.28 mem=129MB 10.0s
[ut_k1_s2] ep  35 loss=0.0352 train_puz=0.9864 val_cell=0.9959 val_puz=0.9855 halt_acc=0.8980 loops=1.27 mem=129MB 9.9s
[ut_k1_s2] ep  36 loss=0.0351 train_puz=0.9866 val_cell=0.9961 val_puz=0.9860 halt_acc=0.9060 loops=1.25 mem=129MB 10.1s
[ut_k1_s2] ep  37 loss=0.0360 train_puz=0.9858 val_cell=0.9962 val_puz=0.9840 halt_acc=0.9240 loops=1.28 mem=129MB 10.0s
[ut_k1_s2] ep  38 loss=0.0346 train_puz=0.9863 val_cell=0.9964 val_puz=0.9870 halt_acc=0.9115 loops=1.25 mem=129MB 9.9s
[ut_k1_s2] ep  39 loss=0.0333 train_puz=0.9881 val_cell=0.9960 val_puz=0.9835 halt_acc=0.9205 loops=1.28 mem=129MB 10.0s
=== training ut_kall_s0 ===
[ut_kall_s0] model=ut params=203,909 device=cuda loops=8 tbptt_k=all
[ut_kall_s0] ep   0 loss=0.9673 train_puz=0.0421 val_cell=0.8694 val_puz=0.4715 halt_acc=0.4715 loops=8.00 mem=347MB 7.3s
[ut_kall_s0] ep   1 loss=0.2541 train_puz=0.8898 val_cell=0.9919 val_puz=0.9665 halt_acc=0.6385 loops=1.57 mem=347MB 7.2s
[ut_kall_s0] ep   2 loss=0.1005 train_puz=0.9895 val_cell=0.9988 val_puz=0.9945 halt_acc=0.7620 loops=1.55 mem=347MB 7.2s
[ut_kall_s0] ep   3 loss=0.0718 train_puz=0.9965 val_cell=0.9994 val_puz=0.9970 halt_acc=0.8095 loops=1.39 mem=347MB 7.2s
[ut_kall_s0] ep   4 loss=0.0549 train_puz=0.9971 val_cell=1.0000 val_puz=1.0000 halt_acc=0.8540 loops=1.12 mem=347MB 7.2s
[ut_kall_s0] ep   5 loss=0.0450 train_puz=0.9977 val_cell=1.0000 val_puz=1.0000 halt_acc=0.8475 loops=1.14 mem=347MB 7.2s
[ut_kall_s0] ep   6 loss=0.0391 train_puz=0.9985 val_cell=1.0000 val_puz=1.0000 halt_acc=0.8585 loops=1.10 mem=347MB 7.1s
[ut_kall_s0] ep   7 loss=0.0384 train_puz=0.9981 val_cell=0.9993 val_puz=0.9970 halt_acc=0.8540 loops=1.10 mem=347MB 7.1s
[ut_kall_s0] ep   8 loss=0.0353 train_puz=0.9987 val_cell=0.9997 val_puz=0.9985 halt_acc=0.8560 loops=1.14 mem=347MB 7.1s
[ut_kall_s0] ep   9 loss=0.0316 train_puz=0.9989 val_cell=1.0000 val_puz=1.0000 halt_acc=0.8600 loops=1.10 mem=347MB 7.2s
[ut_kall_s0] ep  10 loss=0.0285 train_puz=0.9997 val_cell=0.9992 val_puz=0.9960 halt_acc=0.9205 loops=1.26 mem=347MB 7.1s
[ut_kall_s0] ep  11 loss=0.0303 train_puz=0.9988 val_cell=1.0000 val_puz=1.0000 halt_acc=0.9125 loops=1.20 mem=347MB 7.1s
[ut_kall_s0] ep  12 loss=0.0282 train_puz=0.9992 val_cell=0.9997 val_puz=0.9985 halt_acc=0.9035 loops=1.17 mem=347MB 7.2s
[ut_kall_s0] ep  13 loss=0.0261 train_puz=0.9995 val_cell=0.9992 val_puz=0.9970 halt_acc=0.8665 loops=1.11 mem=347MB 7.2s
[ut_kall_s0] ep  14 loss=0.0288 train_puz=0.9985 val_cell=0.9998 val_puz=0.9990 halt_acc=0.8675 loops=1.09 mem=347MB 7.1s
[ut_kall_s0] ep  15 loss=0.0252 train_puz=0.9997 val_cell=1.0000 val_puz=1.0000 halt_acc=0.8925 loops=1.15 mem=347MB 7.2s
[ut_kall_s0] ep  16 loss=0.0231 train_puz=1.0000 val_cell=1.0000 val_puz=1.0000 halt_acc=0.9160 loops=1.16 mem=347MB 7.1s
[ut_kall_s0] ep  17 loss=0.0222 train_puz=0.9999 val_cell=1.0000 val_puz=1.0000 halt_acc=0.9070 loops=1.15 mem=347MB 7.2s
[ut_kall_s0] ep  18 loss=0.0212 train_puz=1.0000 val_cell=1.0000 val_puz=1.0000 halt_acc=0.9020 loops=1.11 mem=347MB 7.1s
[ut_kall_s0] ep  19 loss=0.0233 train_puz=0.9994 val_cell=1.0000 val_puz=1.0000 halt_acc=0.8900 loops=1.10 mem=347MB 7.0s
[ut_kall_s0] ep  20 loss=0.0217 train_puz=0.9998 val_cell=1.0000 val_puz=1.0000 halt_acc=0.9265 loops=1.16 mem=347MB 7.1s
[ut_kall_s0] ep  21 loss=0.0200 train_puz=1.0000 val_cell=1.0000 val_puz=1.0000 halt_acc=0.9110 loops=1.13 mem=347MB 7.1s
[ut_kall_s0] ep  22 loss=0.0201 train_puz=1.0000 val_cell=1.0000 val_puz=1.0000 halt_acc=0.9120 loops=1.14 mem=347MB 7.1s
[ut_kall_s0] ep  23 loss=0.0202 train_puz=0.9999 val_cell=0.9997 val_puz=0.9980 halt_acc=0.8940 loops=1.13 mem=347MB 7.0s
[ut_kall_s0] ep  24 loss=0.0200 train_puz=0.9999 val_cell=1.0000 val_puz=1.0000 halt_acc=0.9205 loops=1.13 mem=347MB 7.1s
[ut_kall_s0] ep  25 loss=0.0192 train_puz=0.9999 val_cell=1.0000 val_puz=1.0000 halt_acc=0.9410 loops=1.15 mem=347MB 7.1s
[ut_kall_s0] ep  26 loss=0.0184 train_puz=1.0000 val_cell=1.0000 val_puz=1.0000 halt_acc=0.9275 loops=1.16 mem=347MB 7.1s
[ut_kall_s0] ep  27 loss=0.0174 train_puz=1.0000 val_cell=1.0000 val_puz=1.0000 halt_acc=0.9320 loops=1.14 mem=347MB 7.1s
[ut_kall_s0] ep  28 loss=0.0165 train_puz=1.0000 val_cell=1.0000 val_puz=1.0000 halt_acc=0.9725 loops=1.19 mem=347MB 7.1s
[ut_kall_s0] ep  29 loss=0.0163 train_puz=1.0000 val_cell=1.0000 val_puz=1.0000 halt_acc=0.9335 loops=1.09 mem=347MB 7.3s
[ut_kall_s0] ep  30 loss=0.0152 train_puz=0.9999 val_cell=1.0000 val_puz=1.0000 halt_acc=0.9430 loops=1.10 mem=347MB 7.3s
[ut_kall_s0] ep  31 loss=0.0144 train_puz=1.0000 val_cell=1.0000 val_puz=1.0000 halt_acc=0.9560 loops=1.10 mem=347MB 7.3s
[ut_kall_s0] ep  32 loss=0.0127 train_puz=1.0000 val_cell=1.0000 val_puz=1.0000 halt_acc=0.9595 loops=1.09 mem=343MB 7.2s
[ut_kall_s0] ep  33 loss=0.0120 train_puz=1.0000 val_cell=1.0000 val_puz=1.0000 halt_acc=0.9680 loops=1.09 mem=343MB 7.1s
[ut_kall_s0] ep  34 loss=0.0111 train_puz=1.0000 val_cell=1.0000 val_puz=1.0000 halt_acc=0.9675 loops=1.09 mem=343MB 7.1s
[ut_kall_s0] ep  35 loss=0.0105 train_puz=1.0000 val_cell=1.0000 val_puz=1.0000 halt_acc=0.9645 loops=1.08 mem=343MB 7.1s
[ut_kall_s0] ep  36 loss=0.0098 train_puz=1.0000 val_cell=1.0000 val_puz=1.0000 halt_acc=0.9645 loops=1.08 mem=343MB 7.3s
[ut_kall_s0] ep  37 loss=0.0094 train_puz=1.0000 val_cell=1.0000 val_puz=1.0000 halt_acc=0.9650 loops=1.06 mem=343MB 7.5s
[ut_kall_s0] ep  38 loss=0.0092 train_puz=1.0000 val_cell=1.0000 val_puz=1.0000 halt_acc=0.9710 loops=1.07 mem=343MB 7.5s
[ut_kall_s0] ep  39 loss=0.0085 train_puz=1.0000 val_cell=1.0000 val_puz=1.0000 halt_acc=0.9745 loops=1.08 mem=343MB 7.3s
=== training ut_kall_s1 ===
[ut_kall_s1] model=ut params=203,909 device=cuda loops=8 tbptt_k=all
[ut_kall_s1] ep   0 loss=0.9251 train_puz=0.0289 val_cell=0.7996 val_puz=0.2995 halt_acc=0.2995 loops=8.00 mem=343MB 7.5s
[ut_kall_s1] ep   1 loss=0.2550 train_puz=0.8803 val_cell=0.9896 val_puz=0.9510 halt_acc=0.7635 loops=2.01 mem=343MB 7.3s
[ut_kall_s1] ep   2 loss=0.1000 train_puz=0.9888 val_cell=0.9971 val_puz=0.9860 halt_acc=0.8070 loops=1.34 mem=343MB 7.1s
[ut_kall_s1] ep   3 loss=0.0618 train_puz=0.9957 val_cell=0.9996 val_puz=0.9980 halt_acc=0.7970 loops=1.07 mem=343MB 7.2s
[ut_kall_s1] ep   4 loss=0.0454 train_puz=0.9986 val_cell=0.9997 val_puz=0.9990 halt_acc=0.7800 loops=1.02 mem=343MB 7.1s
[ut_kall_s1] ep   5 loss=0.0397 train_puz=0.9985 val_cell=0.9987 val_puz=0.9920 halt_acc=0.8055 loops=1.03 mem=343MB 7.1s
[ut_kall_s1] ep   6 loss=0.0363 train_puz=0.9987 val_cell=1.0000 val_puz=1.0000 halt_acc=0.8560 loops=1.11 mem=343MB 7.1s
[ut_kall_s1] ep   7 loss=0.0360 train_puz=0.9985 val_cell=0.9997 val_puz=0.9990 halt_acc=0.8520 loops=1.06 mem=343MB 7.2s
[ut_kall_s1] ep   8 loss=0.0357 train_puz=0.9985 val_cell=1.0000 val_puz=1.0000 halt_acc=0.8670 loops=1.11 mem=343MB 7.2s
[ut_kall_s1] ep   9 loss=0.0310 train_puz=0.9995 val_cell=1.0000 val_puz=1.0000 halt_acc=0.9020 loops=1.19 mem=343MB 7.2s
[ut_kall_s1] ep  10 loss=0.0296 train_puz=0.9995 val_cell=0.9999 val_puz=0.9995 halt_acc=0.8855 loops=1.14 mem=343MB 7.3s
[ut_kall_s1] ep  11 loss=0.0274 train_puz=0.9998 val_cell=1.0000 val_puz=1.0000 halt_acc=0.9260 loops=1.24 mem=343MB 7.3s
[ut_kall_s1] ep  12 loss=0.0289 train_puz=0.9991 val_cell=1.0000 val_puz=1.0000 halt_acc=0.9005 loops=1.14 mem=343MB 7.1s
[ut_kall_s1] ep  13 loss=0.0269 train_puz=0.9995 val_cell=0.9998 val_puz=0.9990 halt_acc=0.8820 loops=1.11 mem=343MB 7.1s
[ut_kall_s1] ep  14 loss=0.0257 train_puz=0.9994 val_cell=0.9997 val_puz=0.9985 halt_acc=0.9090 loops=1.18 mem=343MB 5.6s
[ut_kall_s1] ep  15 loss=0.0242 train_puz=0.9998 val_cell=0.9998 val_puz=0.9990 halt_acc=0.9090 loops=1.16 mem=343MB 6.2s
[ut_kall_s1] ep  16 loss=0.0256 train_puz=0.9992 val_cell=1.0000 val_puz=1.0000 halt_acc=0.9375 loops=1.22 mem=343MB 7.2s
[ut_kall_s1] ep  17 loss=0.0231 train_puz=0.9999 val_cell=1.0000 val_puz=1.0000 halt_acc=0.9040 loops=1.15 mem=343MB 7.1s
[ut_kall_s1] ep  18 loss=0.0239 train_puz=0.9993 val_cell=1.0000 val_puz=1.0000 halt_acc=0.8850 loops=1.11 mem=343MB 7.1s
[ut_kall_s1] ep  19 loss=0.0213 train_puz=1.0000 val_cell=1.0000 val_puz=1.0000 halt_acc=0.8965 loops=1.12 mem=343MB 7.1s
[ut_kall_s1] ep  20 loss=0.0211 train_puz=1.0000 val_cell=1.0000 val_puz=1.0000 halt_acc=0.9200 loops=1.16 mem=343MB 7.1s
[ut_kall_s1] ep  21 loss=0.0209 train_puz=1.0000 val_cell=1.0000 val_puz=1.0000 halt_acc=0.9125 loops=1.12 mem=343MB 7.1s
[ut_kall_s1] ep  22 loss=0.0208 train_puz=0.9999 val_cell=0.9998 val_puz=0.9995 halt_acc=0.9190 loops=1.13 mem=343MB 7.1s
[ut_kall_s1] ep  23 loss=0.0208 train_puz=0.9998 val_cell=1.0000 val_puz=1.0000 halt_acc=0.9465 loops=1.19 mem=343MB 7.1s
[ut_kall_s1] ep  24 loss=0.0199 train_puz=1.0000 val_cell=1.0000 val_puz=1.0000 halt_acc=0.9620 loops=1.23 mem=343MB 7.1s
[ut_kall_s1] ep  25 loss=0.0186 train_puz=1.0000 val_cell=1.0000 val_puz=1.0000 halt_acc=0.9255 loops=1.15 mem=343MB 7.1s
[ut_kall_s1] ep  26 loss=0.0183 train_puz=1.0000 val_cell=1.0000 val_puz=1.0000 halt_acc=0.9005 loops=1.10 mem=343MB 7.1s
[ut_kall_s1] ep  27 loss=0.0180 train_puz=1.0000 val_cell=1.0000 val_puz=1.0000 halt_acc=0.9210 loops=1.12 mem=343MB 7.1s
[ut_kall_s1] ep  28 loss=0.0167 train_puz=1.0000 val_cell=1.0000 val_puz=1.0000 halt_acc=0.9365 loops=1.13 mem=343MB 7.0s
[ut_kall_s1] ep  29 loss=0.0162 train_puz=1.0000 val_cell=1.0000 val_puz=1.0000 halt_acc=0.9095 loops=1.09 mem=343MB 7.0s
[ut_kall_s1] ep  30 loss=0.0165 train_puz=0.9999 val_cell=0.9999 val_puz=0.9995 halt_acc=0.9245 loops=1.08 mem=343MB 7.1s
[ut_kall_s1] ep  31 loss=0.0153 train_puz=1.0000 val_cell=0.9999 val_puz=0.9995 halt_acc=0.9080 loops=1.06 mem=343MB 7.2s
[ut_kall_s1] ep  32 loss=0.0146 train_puz=1.0000 val_cell=1.0000 val_puz=1.0000 halt_acc=0.9515 loops=1.12 mem=343MB 7.1s
[ut_kall_s1] ep  33 loss=0.0139 train_puz=1.0000 val_cell=1.0000 val_puz=1.0000 halt_acc=0.9480 loops=1.10 mem=343MB 7.1s
[ut_kall_s1] ep  34 loss=0.0133 train_puz=1.0000 val_cell=1.0000 val_puz=1.0000 halt_acc=0.9425 loops=1.08 mem=343MB 6.8s
[ut_kall_s1] ep  35 loss=0.0129 train_puz=1.0000 val_cell=1.0000 val_puz=1.0000 halt_acc=0.9575 loops=1.10 mem=343MB 5.5s
[ut_kall_s1] ep  36 loss=0.0125 train_puz=1.0000 val_cell=1.0000 val_puz=1.0000 halt_acc=0.9460 loops=1.09 mem=343MB 7.4s
[ut_kall_s1] ep  37 loss=0.0125 train_puz=1.0000 val_cell=1.0000 val_puz=1.0000 halt_acc=0.9460 loops=1.09 mem=343MB 6.6s
[ut_kall_s1] ep  38 loss=0.0121 train_puz=1.0000 val_cell=1.0000 val_puz=1.0000 halt_acc=0.9520 loops=1.10 mem=343MB 6.8s
[ut_kall_s1] ep  39 loss=0.0120 train_puz=1.0000 val_cell=1.0000 val_puz=1.0000 halt_acc=0.9625 loops=1.10 mem=343MB 7.2s
=== training ut_kall_s2 ===
[ut_kall_s2] model=ut params=203,909 device=cuda loops=8 tbptt_k=all
[ut_kall_s2] ep   0 loss=0.9302 train_puz=0.0438 val_cell=0.8744 val_puz=0.4900 halt_acc=0.4870 loops=7.73 mem=343MB 7.3s
[ut_kall_s2] ep   1 loss=0.2513 train_puz=0.8957 val_cell=0.9922 val_puz=0.9620 halt_acc=0.6155 loops=1.44 mem=343MB 7.1s
[ut_kall_s2] ep   2 loss=0.1035 train_puz=0.9867 val_cell=0.9959 val_puz=0.9805 halt_acc=0.7740 loops=1.60 mem=343MB 7.0s
[ut_kall_s2] ep   3 loss=0.0824 train_puz=0.9926 val_cell=0.9994 val_puz=0.9980 halt_acc=0.8210 loops=1.57 mem=343MB 7.0s
[ut_kall_s2] ep   4 loss=0.0665 train_puz=0.9980 val_cell=0.9996 val_puz=0.9985 halt_acc=0.8395 loops=1.57 mem=343MB 7.1s
[ut_kall_s2] ep   5 loss=0.0658 train_puz=0.9971 val_cell=0.9998 val_puz=0.9990 halt_acc=0.8585 loops=1.59 mem=343MB 7.0s
[ut_kall_s2] ep   6 loss=0.0606 train_puz=0.9983 val_cell=0.9993 val_puz=0.9975 halt_acc=0.8520 loops=1.45 mem=343MB 7.1s
[ut_kall_s2] ep   7 loss=0.0428 train_puz=0.9988 val_cell=0.9991 val_puz=0.9945 halt_acc=0.8765 loops=1.22 mem=343MB 7.2s
[ut_kall_s2] ep   8 loss=0.0378 train_puz=0.9976 val_cell=0.9996 val_puz=0.9985 halt_acc=0.8980 loops=1.21 mem=343MB 7.1s
[ut_kall_s2] ep   9 loss=0.0326 train_puz=0.9991 val_cell=0.9999 val_puz=0.9995 halt_acc=0.8665 loops=1.09 mem=343MB 7.1s
[ut_kall_s2] ep  10 loss=0.0330 train_puz=0.9990 val_cell=0.9997 val_puz=0.9985 halt_acc=0.9285 loops=1.27 mem=343MB 7.0s
[ut_kall_s2] ep  11 loss=0.0296 train_puz=0.9995 val_cell=1.0000 val_puz=0.9990 halt_acc=0.9005 loops=1.16 mem=343MB 7.0s
[ut_kall_s2] ep  12 loss=0.0283 train_puz=0.9994 val_cell=0.9999 val_puz=0.9995 halt_acc=0.8920 loops=1.12 mem=343MB 7.1s
[ut_kall_s2] ep  13 loss=0.0269 train_puz=0.9996 val_cell=0.9999 val_puz=0.9995 halt_acc=0.8945 loops=1.11 mem=343MB 7.1s
[ut_kall_s2] ep  14 loss=0.0254 train_puz=0.9996 val_cell=1.0000 val_puz=1.0000 halt_acc=0.9005 loops=1.13 mem=343MB 7.1s
[ut_kall_s2] ep  15 loss=0.0234 train_puz=1.0000 val_cell=1.0000 val_puz=1.0000 halt_acc=0.9280 loops=1.18 mem=343MB 7.1s
[ut_kall_s2] ep  16 loss=0.0230 train_puz=1.0000 val_cell=1.0000 val_puz=1.0000 halt_acc=0.9055 loops=1.13 mem=343MB 7.1s
[ut_kall_s2] ep  17 loss=0.0224 train_puz=1.0000 val_cell=1.0000 val_puz=1.0000 halt_acc=0.9525 loops=1.22 mem=343MB 7.1s
[ut_kall_s2] ep  18 loss=0.0230 train_puz=0.9997 val_cell=0.9997 val_puz=0.9985 halt_acc=0.9070 loops=1.12 mem=343MB 7.1s
[ut_kall_s2] ep  19 loss=0.0213 train_puz=0.9997 val_cell=1.0000 val_puz=1.0000 halt_acc=0.9030 loops=1.12 mem=343MB 7.1s
[ut_kall_s2] ep  20 loss=0.0206 train_puz=0.9998 val_cell=1.0000 val_puz=1.0000 halt_acc=0.9070 loops=1.11 mem=343MB 7.1s
[ut_kall_s2] ep  21 loss=0.0199 train_puz=1.0000 val_cell=1.0000 val_puz=1.0000 halt_acc=0.9405 loops=1.18 mem=343MB 7.1s
[ut_kall_s2] ep  22 loss=0.0189 train_puz=1.0000 val_cell=1.0000 val_puz=1.0000 halt_acc=0.9485 loops=1.16 mem=343MB 7.1s
[ut_kall_s2] ep  23 loss=0.0176 train_puz=1.0000 val_cell=1.0000 val_puz=1.0000 halt_acc=0.9475 loops=1.17 mem=343MB 7.1s
[ut_kall_s2] ep  24 loss=0.0174 train_puz=0.9998 val_cell=0.9999 val_puz=0.9995 halt_acc=0.9325 loops=1.13 mem=343MB 7.1s
[ut_kall_s2] ep  25 loss=0.0151 train_puz=1.0000 val_cell=1.0000 val_puz=1.0000 halt_acc=0.9445 loops=1.13 mem=343MB 7.0s
[ut_kall_s2] ep  26 loss=0.0152 train_puz=1.0000 val_cell=1.0000 val_puz=1.0000 halt_acc=0.9505 loops=1.14 mem=343MB 7.1s
[ut_kall_s2] ep  27 loss=0.0150 train_puz=1.0000 val_cell=1.0000 val_puz=1.0000 halt_acc=0.9280 loops=1.08 mem=343MB 7.0s
[ut_kall_s2] ep  28 loss=0.0147 train_puz=1.0000 val_cell=1.0000 val_puz=1.0000 halt_acc=0.9575 loops=1.11 mem=343MB 7.1s
[ut_kall_s2] ep  29 loss=0.0145 train_puz=1.0000 val_cell=1.0000 val_puz=1.0000 halt_acc=0.9760 loops=1.16 mem=343MB 7.3s
[ut_kall_s2] ep  30 loss=0.0140 train_puz=1.0000 val_cell=1.0000 val_puz=1.0000 halt_acc=0.9485 loops=1.09 mem=343MB 7.0s
[ut_kall_s2] ep  31 loss=0.0131 train_puz=1.0000 val_cell=1.0000 val_puz=1.0000 halt_acc=0.9640 loops=1.11 mem=343MB 7.0s
[ut_kall_s2] ep  32 loss=0.0128 train_puz=1.0000 val_cell=1.0000 val_puz=1.0000 halt_acc=0.9430 loops=1.08 mem=343MB 7.0s
[ut_kall_s2] ep  33 loss=0.0124 train_puz=1.0000 val_cell=1.0000 val_puz=1.0000 halt_acc=0.9540 loops=1.08 mem=343MB 7.0s
[ut_kall_s2] ep  34 loss=0.0118 train_puz=1.0000 val_cell=1.0000 val_puz=1.0000 halt_acc=0.9590 loops=1.09 mem=343MB 7.1s
[ut_kall_s2] ep  35 loss=0.0114 train_puz=1.0000 val_cell=1.0000 val_puz=1.0000 halt_acc=0.9615 loops=1.09 mem=343MB 7.0s
[ut_kall_s2] ep  36 loss=0.0112 train_puz=1.0000 val_cell=1.0000 val_puz=1.0000 halt_acc=0.9610 loops=1.08 mem=343MB 7.2s
[ut_kall_s2] ep  37 loss=0.0107 train_puz=1.0000 val_cell=1.0000 val_puz=1.0000 halt_acc=0.9670 loops=1.10 mem=343MB 6.6s
[ut_kall_s2] ep  38 loss=0.0103 train_puz=1.0000 val_cell=1.0000 val_puz=1.0000 halt_acc=0.9670 loops=1.09 mem=343MB 6.7s
[ut_kall_s2] ep  39 loss=0.0103 train_puz=1.0000 val_cell=1.0000 val_puz=1.0000 halt_acc=0.9735 loops=1.09 mem=343MB 5.7s

exp1_comparison:
  model=1-layer transformer (same params), params=203780, seeds=3, cell_acc_mean=0.9839, cell_acc_std=0.0005, puzzle_acc_mean=0.9317, puzzle_acc_std=0.0042, validity_mean=0.9317, validity_std=0.0042, avg_loops_mean=1.0000, avg_loops_std=0.0000, train_time_s_mean=42.6455
  model=8-layer transformer (same compute), params=1610500, seeds=3, cell_acc_mean=0.9998, cell_acc_std=0.0003, puzzle_acc_mean=0.9995, puzzle_acc_std=0.0009, validity_mean=0.9995, validity_std=0.0009, avg_loops_mean=1.0000, avg_loops_std=0.0000, train_time_s_mean=157.9081
  model=UT, fixed 8 loops, params=203909, seeds=3, cell_acc_mean=0.9998, cell_acc_std=0.0001, puzzle_acc_mean=0.9993, puzzle_acc_std=0.0003, validity_mean=0.9993, validity_std=0.0003, avg_loops_mean=8.0000, avg_loops_std=0.0000, train_time_s_mean=265.8938
  model=UT, adaptive halting (<= 8 loops), params=203909, seeds=3, cell_acc_mean=0.9838, cell_acc_std=0.0033, puzzle_acc_mean=0.9067, puzzle_acc_std=0.0178, validity_mean=0.9067, validity_std=0.0178, avg_loops_mean=1.1440, avg_loops_std=0.0330, train_time_s_mean=265.8938

exp4_tbptt_ablation:
  variant=K = 1, tbptt_k=1, seeds=3, puzzle_acc_mean=0.9818, puzzle_acc_std=0.0129, halt_puzzle_acc_mean=0.9010, halt_puzzle_acc_std=0.0563, halt_avg_loops_mean=1.3805, acc_32_loops_mean=0.9775, train_peak_mem_mb=130.2593, step_activation_mem_mb=44.8076, train_time_s_mean=359.5360
  variant=K = 3 (default), tbptt_k=3, seeds=3, puzzle_acc_mean=0.9993, puzzle_acc_std=0.0003, halt_puzzle_acc_mean=0.9067, halt_puzzle_acc_std=0.0178, halt_avg_loops_mean=1.1440, acc_32_loops_mean=0.9992, train_peak_mem_mb=135.1230, step_activation_mem_mb=106.6602, train_time_s_mean=265.8938
  variant=K = all (8), tbptt_k=8, seeds=3, puzzle_acc_mean=0.9997, puzzle_acc_std=0.0006, halt_puzzle_acc_mean=0.8633, halt_puzzle_acc_std=0.0260, halt_avg_loops_mean=1.1137, acc_32_loops_mean=1.0000, train_peak_mem_mb=347.2236, step_activation_mem_mb=258.8779, train_time_s_mean=282.8177

all experiments done in 56.3 min -> D:\github\sodoku UT\results
